Archive member included because of file (symbol)

C:\Users\Данила Кондрашов\AppData\Local\Temp\VMBuilds\LAB8_NEW\stm32duino_genericSTM32F103C6\Release\core.a(exc.S.o)
                              (__exc_nmi)
C:\Users\Данила Кондрашов\AppData\Local\Temp\VMBuilds\LAB8_NEW\stm32duino_genericSTM32F103C6\Release\core.a(isrs.S.o)
                              (__stm32reservedexception7)
C:\Users\Данила Кондрашов\AppData\Local\Temp\VMBuilds\LAB8_NEW\stm32duino_genericSTM32F103C6\Release\core.a(vector_table.S.o)
                              (__stm32_vector_table)
C:\Users\Данила Кондрашов\AppData\Local\Temp\VMBuilds\LAB8_NEW\stm32duino_genericSTM32F103C6\Release\core.a(adc.c.o)
                              C:\Users\Данила Кондрашов\AppData\Local\Temp\VMBCore\arduino16x\1ff78a0346523d7d91af874899f893a8\variant\wirish\boards.cpp.o (adc_set_sample_rate)
C:\Users\Данила Кондрашов\AppData\Local\Temp\VMBuilds\LAB8_NEW\stm32duino_genericSTM32F103C6\Release\core.a(adc_f1.c.o)
                              (__irq_adc)
C:\Users\Данила Кондрашов\AppData\Local\Temp\VMBuilds\LAB8_NEW\stm32duino_genericSTM32F103C6\Release\core.a(dma_f1.c.o)
                              (__irq_dma1_channel1)
C:\Users\Данила Кондрашов\AppData\Local\Temp\VMBuilds\LAB8_NEW\stm32duino_genericSTM32F103C6\Release\core.a(exti.c.o)
                              (__irq_exti0)
C:\Users\Данила Кондрашов\AppData\Local\Temp\VMBuilds\LAB8_NEW\stm32duino_genericSTM32F103C6\Release\core.a(exti_f1.c.o)
                              C:\Users\Данила Кондрашов\AppData\Local\Temp\VMBuilds\LAB8_NEW\stm32duino_genericSTM32F103C6\Release\core.a(exti.c.o) (exti_select)
C:\Users\Данила Кондрашов\AppData\Local\Temp\VMBuilds\LAB8_NEW\stm32duino_genericSTM32F103C6\Release\core.a(flash.c.o)
                              C:\Users\Данила Кондрашов\AppData\Local\Temp\VMBCore\arduino16x\1ff78a0346523d7d91af874899f893a8\variant\wirish\boards.cpp.o (flash_set_latency)
C:\Users\Данила Кондрашов\AppData\Local\Temp\VMBuilds\LAB8_NEW\stm32duino_genericSTM32F103C6\Release\core.a(gpio_f1.c.o)
                              C:\Users\Данила Кондрашов\AppData\Local\Temp\VMBCore\arduino16x\1ff78a0346523d7d91af874899f893a8\variant\wirish\boards_setup.cpp.o (gpio_init_all)
C:\Users\Данила Кондрашов\AppData\Local\Temp\VMBuilds\LAB8_NEW\stm32duino_genericSTM32F103C6\Release\core.a(i2c.c.o)
                              Wire\Wire.cpp.o (i2c_master_xfer)
C:\Users\Данила Кондрашов\AppData\Local\Temp\VMBuilds\LAB8_NEW\stm32duino_genericSTM32F103C6\Release\core.a(i2c_f1.c.o)
                              C:\Users\Данила Кондрашов\AppData\Local\Temp\VMBuilds\LAB8_NEW\stm32duino_genericSTM32F103C6\Release\core.a(i2c.c.o) (i2c_config_gpios)
C:\Users\Данила Кондрашов\AppData\Local\Temp\VMBuilds\LAB8_NEW\stm32duino_genericSTM32F103C6\Release\core.a(nvic.c.o)
                              C:\Users\Данила Кондрашов\AppData\Local\Temp\VMBuilds\LAB8_NEW\stm32duino_genericSTM32F103C6\Release\core.a(i2c_f1.c.o) (nvic_irq_set_priority)
C:\Users\Данила Кондрашов\AppData\Local\Temp\VMBuilds\LAB8_NEW\stm32duino_genericSTM32F103C6\Release\core.a(rcc.c.o)
                              C:\Users\Данила Кондрашов\AppData\Local\Temp\VMBCore\arduino16x\1ff78a0346523d7d91af874899f893a8\variant\wirish\boards.cpp.o (rcc_switch_sysclk)
C:\Users\Данила Кондрашов\AppData\Local\Temp\VMBuilds\LAB8_NEW\stm32duino_genericSTM32F103C6\Release\core.a(rcc_f1.c.o)
                              C:\Users\Данила Кондрашов\AppData\Local\Temp\VMBCore\arduino16x\1ff78a0346523d7d91af874899f893a8\variant\wirish\boards.cpp.o (rcc_configure_pll)
C:\Users\Данила Кондрашов\AppData\Local\Temp\VMBuilds\LAB8_NEW\stm32duino_genericSTM32F103C6\Release\core.a(systick.c.o)
                              C:\Users\Данила Кондрашов\AppData\Local\Temp\VMBCore\arduino16x\1ff78a0346523d7d91af874899f893a8\variant\wirish\boards.cpp.o (systick_init)
C:\Users\Данила Кондрашов\AppData\Local\Temp\VMBuilds\LAB8_NEW\stm32duino_genericSTM32F103C6\Release\core.a(timer.c.o)
                              C:\Users\Данила Кондрашов\AppData\Local\Temp\VMBCore\arduino16x\1ff78a0346523d7d91af874899f893a8\variant\wirish\boards.cpp.o (timer_foreach)
C:\Users\Данила Кондрашов\AppData\Local\Temp\VMBuilds\LAB8_NEW\stm32duino_genericSTM32F103C6\Release\core.a(usart_f1.c.o)
                              (__irq_usart1)
C:\Users\Данила Кондрашов\AppData\Local\Temp\VMBuilds\LAB8_NEW\stm32duino_genericSTM32F103C6\Release\core.a(usart_private.c.o)
                              C:\Users\Данила Кондрашов\AppData\Local\Temp\VMBuilds\LAB8_NEW\stm32duino_genericSTM32F103C6\Release\core.a(usart_f1.c.o) (_usart_clock_freq)
C:\Users\Данила Кондрашов\AppData\Local\Temp\VMBuilds\LAB8_NEW\stm32duino_genericSTM32F103C6\Release\core.a(util.c.o)
                              C:\Users\Данила Кондрашов\AppData\Local\Temp\VMBuilds\LAB8_NEW\stm32duino_genericSTM32F103C6\Release\core.a(exc.S.o) (__error)
[...]
Memory Configuration

Name             Origin             Length             Attributes
ram              0x20000000         0x00002800         xrw
rom              0x08000000         0x00008000         xr
*default*        0x00000000         0xffffffff

Linker script and memory map

LOAD c:/users/данила кондрашов/appdata/local/arduino15/packages/arduino/tools/arm-none-eabi-gcc/4.8.3-2014q1/bin/../lib/gcc/arm-none-eabi/4.8.3/armv7-m/crti.o
LOAD c:/users/данила кондрашов/appdata/local/arduino15/packages/arduino/tools/arm-none-eabi-gcc/4.8.3-2014q1/bin/../lib/gcc/arm-none-eabi/4.8.3/armv7-m/crtbegin.o
LOAD c:/users/данила кондрашов/appdata/local/arduino15/packages/arduino/tools/arm-none-eabi-gcc/4.8.3-2014q1/bin/../lib/gcc/arm-none-eabi/4.8.3/../../../../arm-none-eabi/lib/armv7-m/crt0.o
LOAD c:/users/данила кондрашов/appdata/local/arduino15/packages/arduino/tools/arm-none-eabi-gcc/4.8.3-2014q1/bin/../lib/gcc/arm-none-eabi/4.8.3/armv7-m\libgcc.a
START GROUP
LOAD LAB8_NEW.cpp.o
LOAD LM75A_Arduino_library\M2M_LM75A.cpp.o
LOAD Wire\SoftWire.cpp.o
LOAD Wire\Wire.cpp.o
LOAD Wire\utility\WireBase.cpp.o
LOAD C:\Users\Данила Кондрашов\AppData\Local\Temp\VMBCore\arduino16x\1ff78a0346523d7d91af874899f893a8\variant\board.cpp.o
LOAD C:\Users\Данила Кондрашов\AppData\Local\Temp\VMBCore\arduino16x\1ff78a0346523d7d91af874899f893a8\variant\wirish\boards.cpp.o
LOAD C:\Users\Данила Кондрашов\AppData\Local\Temp\VMBCore\arduino16x\1ff78a0346523d7d91af874899f893a8\variant\wirish\boards_setup.cpp.o
LOAD C:\Users\Данила Кондрашов\AppData\Local\Temp\VMBCore\arduino16x\1ff78a0346523d7d91af874899f893a8\variant\start.S.o
LOAD C:\Users\Данила Кондрашов\AppData\Local\Temp\VMBCore\arduino16x\1ff78a0346523d7d91af874899f893a8\variant\start_c.c.o
LOAD C:\Users\Данила Кондрашов\AppData\Local\Temp\VMBCore\arduino16x\1ff78a0346523d7d91af874899f893a8\variant\syscalls.c.o
LOAD C:\Users\Данила Кондрашов\AppData\Local\Temp\VMBuilds\LAB8_NEW\stm32duino_genericSTM32F103C6\Release\core.a
END GROUP
LOAD c:/users/данила кондрашов/appdata/local/arduino15/packages/arduino/tools/arm-none-eabi-gcc/4.8.3-2014q1/bin/../lib/gcc/arm-none-eabi/4.8.3/../../../../arm-none-eabi/lib/armv7-m\libstdc++_s.a
LOAD c:/users/данила кондрашов/appdata/local/arduino15/packages/arduino/tools/arm-none-eabi-gcc/4.8.3-2014q1/bin/../lib/gcc/arm-none-eabi/4.8.3/../../../../arm-none-eabi/lib/armv7-m\libm.a
START GROUP
LOAD c:/users/данила кондрашов/appdata/local/arduino15/packages/arduino/tools/arm-none-eabi-gcc/4.8.3-2014q1/bin/../lib/gcc/arm-none-eabi/4.8.3/armv7-m\libgcc.a
LOAD c:/users/данила кондрашов/appdata/local/arduino15/packages/arduino/tools/arm-none-eabi-gcc/4.8.3-2014q1/bin/../lib/gcc/arm-none-eabi/4.8.3/../../../../arm-none-eabi/lib/armv7-m\libc_s.a
END GROUP
START GROUP
LOAD c:/users/данила кондрашов/appdata/local/arduino15/packages/arduino/tools/arm-none-eabi-gcc/4.8.3-2014q1/bin/../lib/gcc/arm-none-eabi/4.8.3/armv7-m\libgcc.a
LOAD c:/users/данила кондрашов/appdata/local/arduino15/packages/arduino/tools/arm-none-eabi-gcc/4.8.3-2014q1/bin/../lib/gcc/arm-none-eabi/4.8.3/../../../../arm-none-eabi/lib/armv7-m\libc_s.a
END GROUP
LOAD c:/users/данила кондрашов/appdata/local/arduino15/packages/arduino/tools/arm-none-eabi-gcc/4.8.3-2014q1/bin/../lib/gcc/arm-none-eabi/4.8.3/armv7-m/crtend.o
LOAD c:/users/данила кондрашов/appdata/local/arduino15/packages/arduino/tools/arm-none-eabi-gcc/4.8.3-2014q1/bin/../lib/gcc/arm-none-eabi/4.8.3/armv7-m/crtn.o
START GROUP
LOAD c:/users/данила кондрашов/appdata/local/arduino15/packages/arduino/tools/arm-none-eabi-gcc/4.8.3-2014q1/bin/../lib/gcc/arm-none-eabi/4.8.3/armv7-m\libgcc.a
LOAD c:/users/данила кондрашов/appdata/local/arduino15/packages/arduino/tools/arm-none-eabi-gcc/4.8.3-2014q1/bin/../lib/gcc/arm-none-eabi/4.8.3/../../../../arm-none-eabi/lib/armv7-m\libc.a
LOAD c:/users/данила кондрашов/appdata/local/arduino15/packages/arduino/tools/arm-none-eabi-gcc/4.8.3-2014q1/bin/../lib/gcc/arm-none-eabi/4.8.3/../../../../arm-none-eabi/lib/armv7-m\libm.a
END GROUP
START GROUP
LOAD c:/users/данила кондрашов/appdata/local/arduino15/packages/arduino/tools/arm-none-eabi-gcc/4.8.3-2014q1/bin/../lib/gcc/arm-none-eabi/4.8.3/../../../../arm-none-eabi/lib/armv7-m\libnosys.a
END GROUP
                0x20002800                PROVIDE (__msp_init, (ORIGIN (ram) + 0x2800))
                0x080007f4                PROVIDE (__exc_reset, __start__)

.text           0x08000000     0x4b80
                0x08000000                __text_start__ = .
 *(.stm32.interrupt_vector)
 .stm32.interrupt_vector
                0x08000000       0xec C:\Users\Данила Кондрашов\AppData\Local\Temp\VMBuilds\LAB8_NEW\stm32duino_genericSTM32F103C6\Release\core.a(vector_table.S.o)
                0x08000000                __stm32_vector_table
 *(.text .text.* .gnu.linkonce.t.*)
 .text          0x080000ec       0x54 c:/users/данила кондрашов/appdata/local/arduino15/packages/arduino/tools/arm-none-eabi-gcc/4.8.3-2014q1/bin/../lib/gcc/arm-none-eabi/4.8.3/armv7-m/crtbegin.o
 .text._Z5setupv
                0x08000140       0x9c LAB8_NEW.cpp.o
                0x08000140                setup()
 .text._Z4loopv
                0x080001dc      0x1a8 LAB8_NEW.cpp.o
                0x080001dc                loop()
 .text.startup._GLOBAL__sub_I_lm75a
                0x08000384        0xc LAB8_NEW.cpp.o
 .text._ZN9M2M_LM75AC2Ev
                0x08000390        0x6 LM75A_Arduino_library\M2M_LM75A.cpp.o
                0x08000390                M2M_LM75A::M2M_LM75A()
                0x08000390                M2M_LM75A::M2M_LM75A()
 *fill*         0x08000396        0x2 
 .text._ZN9M2M_LM75A17read16bitRegisterEhRt
                0x08000398       0x50 LM75A_Arduino_library\M2M_LM75A.cpp.o
                0x08000398                M2M_LM75A::read16bitRegister(unsigned char, unsigned short&)
 .text._ZN9M2M_LM75A14getTemperatureEv
                0x080003e8       0x2c LM75A_Arduino_library\M2M_LM75A.cpp.o
                0x080003e8                M2M_LM75A::getTemperature()
 .text._ZN9M2M_LM75A5beginEv
                0x08000414        0xc LM75A_Arduino_library\M2M_LM75A.cpp.o
                0x08000414                M2M_LM75A::begin()
 .text._ZN7TwoWire7processEv
                0x08000420        0xc Wire\Wire.cpp.o
                0x08000420                TwoWire::process()
 .text._ZN7TwoWire5beginEh
                0x0800042c        0xe Wire\Wire.cpp.o
                0x0800042c                TwoWire::begin(unsigned char)
 .text.i2c_disable
                0x0800043a       0x1a Wire\Wire.cpp.o
 .text._ZN7TwoWire3endEv
                0x08000454       0x10 Wire\Wire.cpp.o
                0x08000454                TwoWire::end()
 .text._ZN7TwoWire7processEh
                0x08000464       0x4a Wire\Wire.cpp.o
                0x08000464                TwoWire::process(unsigned char)
 *fill*         0x080004ae        0x2 
 .text._ZN7TwoWireD2Ev
                0x080004b0       0x24 Wire\Wire.cpp.o
                0x080004b0                TwoWire::~TwoWire()
                0x080004b0                TwoWire::~TwoWire()
 .text.startup._GLOBAL__sub_I__ZN7TwoWire7processEh
                0x080004d4       0x28 Wire\Wire.cpp.o
 .text.exit._GLOBAL__sub_D__ZN7TwoWire7processEh
                0x080004fc        0xc Wire\Wire.cpp.o
 .text._ZN8WireBase3endEv
                0x08000508        0x2 Wire\utility\WireBase.cpp.o
                0x08000508                WireBase::end()
 .text._ZN8WireBase5beginEh
                0x0800050a       0x14 Wire\utility\WireBase.cpp.o
                0x0800050a                WireBase::begin(unsigned char)
 .text._ZN8WireBase17beginTransmissionEh
                0x0800051e       0x14 Wire\utility\WireBase.cpp.o
                0x0800051e                WireBase::beginTransmission(unsigned char)
 .text._ZN8WireBase15endTransmissionEb
                0x08000532       0x1e Wire\utility\WireBase.cpp.o
                0x08000532                WireBase::endTransmission(bool)
 .text._ZN8WireBase15endTransmissionEv
                0x08000550        0x6 Wire\utility\WireBase.cpp.o
                0x08000550                WireBase::endTransmission()
 .text._ZN8WireBase11requestFromEhib
                0x08000556       0x38 Wire\utility\WireBase.cpp.o
                0x08000556                WireBase::requestFrom(unsigned char, int, bool)
 .text._ZN8WireBase5writeEh
                0x0800058e       0x28 Wire\utility\WireBase.cpp.o
                0x0800058e                WireBase::write(unsigned char)
 .text._ZN8WireBase4readEv
                0x080005b6       0x3e Wire\utility\WireBase.cpp.o
                0x080005b6                WireBase::read()
 .text._Z9boardInitv
                0x080005f4        0x2 C:\Users\Данила Кондрашов\AppData\Local\Temp\VMBCore\arduino16x\1ff78a0346523d7d91af874899f893a8\variant\board.cpp.o
                0x080005f4                boardInit()
 *fill*         0x080005f6        0x2 
 .text.startup._GLOBAL__sub_I__Z9boardInitv
                0x080005f8       0x48 C:\Users\Данила Кондрашов\AppData\Local\Temp\VMBCore\arduino16x\1ff78a0346523d7d91af874899f893a8\variant\board.cpp.o
 .text._ZL18adc_default_configP7adc_dev
                0x08000640       0x1c C:\Users\Данила Кондрашов\AppData\Local\Temp\VMBCore\arduino16x\1ff78a0346523d7d91af874899f893a8\variant\wirish\boards.cpp.o
 .text._ZL20timer_default_configP9timer_dev
                0x0800065c       0x9e C:\Users\Данила Кондрашов\AppData\Local\Temp\VMBCore\arduino16x\1ff78a0346523d7d91af874899f893a8\variant\wirish\boards.cpp.o
 *fill*         0x080006fa        0x2 
 .text._Z4initv
                0x080006fc       0xbc C:\Users\Данила Кондрашов\AppData\Local\Temp\VMBCore\arduino16x\1ff78a0346523d7d91af874899f893a8\variant\wirish\boards.cpp.o
                0x080006fc                init()
 .text._ZN6wirish4priv15board_reset_pllEv
                0x080007b8        0x2 C:\Users\Данила Кондрашов\AppData\Local\Temp\VMBCore\arduino16x\1ff78a0346523d7d91af874899f893a8\variant\wirish\boards_setup.cpp.o
                0x080007b8                wirish::priv::board_reset_pll()
 .text._ZN6wirish4priv28board_setup_clock_prescalersEv
                0x080007ba       0x2e C:\Users\Данила Кондрашов\AppData\Local\Temp\VMBCore\arduino16x\1ff78a0346523d7d91af874899f893a8\variant\wirish\boards_setup.cpp.o
                0x080007ba                wirish::priv::board_setup_clock_prescalers()
 .text._ZN6wirish4priv16board_setup_gpioEv
                0x080007e8        0x4 C:\Users\Данила Кондрашов\AppData\Local\Temp\VMBCore\arduino16x\1ff78a0346523d7d91af874899f893a8\variant\wirish\boards_setup.cpp.o
                0x080007e8                wirish::priv::board_setup_gpio()
 .text._ZN6wirish4priv15board_setup_usbEv
                0x080007ec        0x2 C:\Users\Данила Кондрашов\AppData\Local\Temp\VMBCore\arduino16x\1ff78a0346523d7d91af874899f893a8\variant\wirish\boards_setup.cpp.o
                0x080007ec                wirish::priv::board_setup_usb()
 .text._ZN6wirish4priv11series_initEv
                0x080007ee        0x4 C:\Users\Данила Кондрашов\AppData\Local\Temp\VMBCore\arduino16x\1ff78a0346523d7d91af874899f893a8\variant\wirish\boards_setup.cpp.o
                0x080007ee                wirish::priv::series_init()
 *fill*         0x080007f2        0x2 
 .text          0x080007f4       0x10 C:\Users\Данила Кондрашов\AppData\Local\Temp\VMBCore\arduino16x\1ff78a0346523d7d91af874899f893a8\variant\start.S.o
                0x080007f4                __start__
 .text.start_c  0x08000804       0x58 C:\Users\Данила Кондрашов\AppData\Local\Temp\VMBCore\arduino16x\1ff78a0346523d7d91af874899f893a8\variant\start_c.c.o
                0x08000804                start_c
 *fill*         0x0800085c        0x4 
 .text          0x08000860       0x60 C:\Users\Данила Кондрашов\AppData\Local\Temp\VMBuilds\LAB8_NEW\stm32duino_genericSTM32F103C6\Release\core.a(exc.S.o)
                0x08000860                __exc_nmi
                0x08000864                __exc_hardfault
                0x08000868                __exc_memmanage
                0x0800086c                __exc_busfault
                0x08000870                __exc_usagefault
 .text          0x080008c0        0x2 C:\Users\Данила Кондрашов\AppData\Local\Temp\VMBuilds\LAB8_NEW\stm32duino_genericSTM32F103C6\Release\core.a(isrs.S.o)
                0x080008c0                __stm32reservedexception9
                0x080008c0                __exc_debug_monitor
                0x080008c0                __exc_svc
                0x080008c0                __irq_can_rx1
                0x080008c0                __irq_spi2
                0x080008c0                __irq_can_sce
                0x080008c0                __irq_pvd
                0x080008c0                __irq_tamper
                0x080008c0                __default_handler
                0x080008c0                __irq_wwdg
                0x080008c0                __stm32reservedexception10
                0x080008c0                __irq_flash
                0x080008c0                __stm32reservedexception13
                0x080008c0                __irq_rtc
                0x080008c0                __irq_spi1
                0x080008c0                __stm32reservedexception7
                0x080008c0                __irq_usb_hp_can_tx
                0x080008c0                __irq_rtcalarm
                0x080008c0                __stm32reservedexception8
                0x080008c0                __exc_pendsv
                0x080008c0                __irq_usbwakeup
                0x080008c0                __irq_rcc
 .text.adc_init
                0x080008c2       0x14 C:\Users\Данила Кондрашов\AppData\Local\Temp\VMBuilds\LAB8_NEW\stm32duino_genericSTM32F103C6\Release\core.a(adc.c.o)
                0x080008c2                adc_init
 .text.adc_set_extsel
                0x080008d6       0x12 C:\Users\Данила Кондрашов\AppData\Local\Temp\VMBuilds\LAB8_NEW\stm32duino_genericSTM32F103C6\Release\core.a(adc.c.o)
                0x080008d6                adc_set_extsel
 .text.adc_set_sample_rate
                0x080008e8       0x30 C:\Users\Данила Кондрашов\AppData\Local\Temp\VMBuilds\LAB8_NEW\stm32duino_genericSTM32F103C6\Release\core.a(adc.c.o)
                0x080008e8                adc_set_sample_rate
 .text.__irq_adc
                0x08000918       0x50 C:\Users\Данила Кондрашов\AppData\Local\Temp\VMBuilds\LAB8_NEW\stm32duino_genericSTM32F103C6\Release\core.a(adc_f1.c.o)
                0x08000918                __irq_adc
 .text.adc_calibrate
                0x08000968       0x24 C:\Users\Данила Кондрашов\AppData\Local\Temp\VMBuilds\LAB8_NEW\stm32duino_genericSTM32F103C6\Release\core.a(adc_f1.c.o)
                0x08000968                adc_calibrate
 .text.adc_set_prescaler
                0x0800098c        0x8 C:\Users\Данила Кондрашов\AppData\Local\Temp\VMBuilds\LAB8_NEW\stm32duino_genericSTM32F103C6\Release\core.a(adc_f1.c.o)
                0x0800098c                adc_set_prescaler
 .text.adc_foreach
                0x08000994       0x1c C:\Users\Данила Кондрашов\AppData\Local\Temp\VMBuilds\LAB8_NEW\stm32duino_genericSTM32F103C6\Release\core.a(adc_f1.c.o)
                0x08000994                adc_foreach
 .text.adc_enable_single_swstart
                0x080009b0       0x36 C:\Users\Данила Кондрашов\AppData\Local\Temp\VMBuilds\LAB8_NEW\stm32duino_genericSTM32F103C6\Release\core.a(adc_f1.c.o)
                0x080009b0                adc_enable_single_swstart
 .text.dma_irq_handler
                0x080009e6       0x1c C:\Users\Данила Кондрашов\AppData\Local\Temp\VMBuilds\LAB8_NEW\stm32duino_genericSTM32F103C6\Release\core.a(dma_f1.c.o)
 *fill*         0x08000a02        0x2 
 .text.__irq_dma1_channel1
                0x08000a04       0x10 C:\Users\Данила Кондрашов\AppData\Local\Temp\VMBuilds\LAB8_NEW\stm32duino_genericSTM32F103C6\Release\core.a(dma_f1.c.o)
                0x08000a04                __irq_dma1_channel1
 .text.__irq_dma1_channel2
                0x08000a14       0x10 C:\Users\Данила Кондрашов\AppData\Local\Temp\VMBuilds\LAB8_NEW\stm32duino_genericSTM32F103C6\Release\core.a(dma_f1.c.o)
                0x08000a14                __irq_dma1_channel2
 .text.__irq_dma1_channel3
                0x08000a24       0x10 C:\Users\Данила Кондрашов\AppData\Local\Temp\VMBuilds\LAB8_NEW\stm32duino_genericSTM32F103C6\Release\core.a(dma_f1.c.o)
                0x08000a24                __irq_dma1_channel3
 .text.__irq_dma1_channel4
                0x08000a34       0x10 C:\Users\Данила Кондрашов\AppData\Local\Temp\VMBuilds\LAB8_NEW\stm32duino_genericSTM32F103C6\Release\core.a(dma_f1.c.o)
                0x08000a34                __irq_dma1_channel4
 .text.__irq_dma1_channel5
                0x08000a44       0x10 C:\Users\Данила Кондрашов\AppData\Local\Temp\VMBuilds\LAB8_NEW\stm32duino_genericSTM32F103C6\Release\core.a(dma_f1.c.o)
                0x08000a44                __irq_dma1_channel5
 .text.__irq_dma1_channel6
                0x08000a54       0x10 C:\Users\Данила Кондрашов\AppData\Local\Temp\VMBuilds\LAB8_NEW\stm32duino_genericSTM32F103C6\Release\core.a(dma_f1.c.o)
                0x08000a54                __irq_dma1_channel6
 .text.__irq_dma1_channel7
                0x08000a64       0x10 C:\Users\Данила Кондрашов\AppData\Local\Temp\VMBuilds\LAB8_NEW\stm32duino_genericSTM32F103C6\Release\core.a(dma_f1.c.o)
                0x08000a64                __irq_dma1_channel7
 .text.dispatch_single_exti
                0x08000a74       0x2c C:\Users\Данила Кондрашов\AppData\Local\Temp\VMBuilds\LAB8_NEW\stm32duino_genericSTM32F103C6\Release\core.a(exti.c.o)
                0x08000a74                dispatch_single_exti
 .text.dispatch_extis
                0x08000aa0       0x4c C:\Users\Данила Кондрашов\AppData\Local\Temp\VMBuilds\LAB8_NEW\stm32duino_genericSTM32F103C6\Release\core.a(exti.c.o)
                0x08000aa0                dispatch_extis
 .text.__irq_exti0
                0x08000aec        0x6 C:\Users\Данила Кондрашов\AppData\Local\Temp\VMBuilds\LAB8_NEW\stm32duino_genericSTM32F103C6\Release\core.a(exti.c.o)
                0x08000aec                __irq_exti0
 .text.__irq_exti1
                0x08000af2        0x6 C:\Users\Данила Кондрашов\AppData\Local\Temp\VMBuilds\LAB8_NEW\stm32duino_genericSTM32F103C6\Release\core.a(exti.c.o)
                0x08000af2                __irq_exti1
 .text.__irq_exti2
                0x08000af8        0x6 C:\Users\Данила Кондрашов\AppData\Local\Temp\VMBuilds\LAB8_NEW\stm32duino_genericSTM32F103C6\Release\core.a(exti.c.o)
                0x08000af8                __irq_exti2
 .text.__irq_exti3
                0x08000afe        0x6 C:\Users\Данила Кондрашов\AppData\Local\Temp\VMBuilds\LAB8_NEW\stm32duino_genericSTM32F103C6\Release\core.a(exti.c.o)
                0x08000afe                __irq_exti3
 .text.__irq_exti4
                0x08000b04        0x6 C:\Users\Данила Кондрашов\AppData\Local\Temp\VMBuilds\LAB8_NEW\stm32duino_genericSTM32F103C6\Release\core.a(exti.c.o)
                0x08000b04                __irq_exti4
 .text.__irq_exti9_5
                0x08000b0a        0x8 C:\Users\Данила Кондрашов\AppData\Local\Temp\VMBuilds\LAB8_NEW\stm32duino_genericSTM32F103C6\Release\core.a(exti.c.o)
                0x08000b0a                __irq_exti9_5
 .text.__irq_exti15_10
                0x08000b12        0x8 C:\Users\Данила Кондрашов\AppData\Local\Temp\VMBuilds\LAB8_NEW\stm32duino_genericSTM32F103C6\Release\core.a(exti.c.o)
                0x08000b12                __irq_exti15_10
 *fill*         0x08000b1a        0x2 
 .text.flash_set_latency
                0x08000b1c       0x14 C:\Users\Данила Кондрашов\AppData\Local\Temp\VMBuilds\LAB8_NEW\stm32duino_genericSTM32F103C6\Release\core.a(flash.c.o)
                0x08000b1c                flash_set_latency
 .text.gpio_init_all
                0x08000b30       0x30 C:\Users\Данила Кондрашов\AppData\Local\Temp\VMBuilds\LAB8_NEW\stm32duino_genericSTM32F103C6\Release\core.a(gpio_f1.c.o)
                0x08000b30                gpio_init_all
 .text.gpio_set_mode
                0x08000b60       0x50 C:\Users\Данила Кондрашов\AppData\Local\Temp\VMBuilds\LAB8_NEW\stm32duino_genericSTM32F103C6\Release\core.a(gpio_f1.c.o)
                0x08000b60                gpio_set_mode
 .text.afio_init
                0x08000bb0       0x12 C:\Users\Данила Кондрашов\AppData\Local\Temp\VMBuilds\LAB8_NEW\stm32duino_genericSTM32F103C6\Release\core.a(gpio_f1.c.o)
                0x08000bb0                afio_init
 *fill*         0x08000bc2        0x2 
 .text.afio_remap
                0x08000bc4       0x20 C:\Users\Данила Кондрашов\AppData\Local\Temp\VMBuilds\LAB8_NEW\stm32duino_genericSTM32F103C6\Release\core.a(gpio_f1.c.o)
                0x08000bc4                afio_remap
 .text.nvic_irq_enable
                0x08000be4       0x1c C:\Users\Данила Кондрашов\AppData\Local\Temp\VMBuilds\LAB8_NEW\stm32duino_genericSTM32F103C6\Release\core.a(i2c.c.o)
 .text.i2c_disable_irq
                0x08000c00        0xc C:\Users\Данила Кондрашов\AppData\Local\Temp\VMBuilds\LAB8_NEW\stm32duino_genericSTM32F103C6\Release\core.a(i2c.c.o)
 .text.delay_us.part.0.constprop.6
                0x08000c0c        0xa C:\Users\Данила Кондрашов\AppData\Local\Temp\VMBuilds\LAB8_NEW\stm32duino_genericSTM32F103C6\Release\core.a(i2c.c.o)
 .text.i2c_bus_reset
                0x08000c16       0xc2 C:\Users\Данила Кондрашов\AppData\Local\Temp\VMBuilds\LAB8_NEW\stm32duino_genericSTM32F103C6\Release\core.a(i2c.c.o)
                0x08000c16                i2c_bus_reset
 .text.i2c_init
                0x08000cd8       0x1e C:\Users\Данила Кондрашов\AppData\Local\Temp\VMBuilds\LAB8_NEW\stm32duino_genericSTM32F103C6\Release\core.a(i2c.c.o)
                0x08000cd8                i2c_init
 *fill*         0x08000cf6        0x2 
 .text.wait_for_state_change
                0x08000cf8       0x98 C:\Users\Данила Кондрашов\AppData\Local\Temp\VMBuilds\LAB8_NEW\stm32duino_genericSTM32F103C6\Release\core.a(i2c.c.o)
                0x08000cf8                wait_for_state_change
 .text.i2c_master_xfer
                0x08000d90       0xcc C:\Users\Данила Кондрашов\AppData\Local\Temp\VMBuilds\LAB8_NEW\stm32duino_genericSTM32F103C6\Release\core.a(i2c.c.o)
                0x08000d90                i2c_master_xfer
 .text._i2c_irq_handler
                0x08000e5c      0x3d8 C:\Users\Данила Кондрашов\AppData\Local\Temp\VMBuilds\LAB8_NEW\stm32duino_genericSTM32F103C6\Release\core.a(i2c.c.o)
                0x08000e5c                _i2c_irq_handler
 .text._i2c_irq_error_handler
                0x08001234       0x74 C:\Users\Данила Кондрашов\AppData\Local\Temp\VMBuilds\LAB8_NEW\stm32duino_genericSTM32F103C6\Release\core.a(i2c.c.o)
                0x08001234                _i2c_irq_error_handler
 .text.i2c_set_ccr_trise
                0x080012a8       0x54 C:\Users\Данила Кондрашов\AppData\Local\Temp\VMBuilds\LAB8_NEW\stm32duino_genericSTM32F103C6\Release\core.a(i2c.c.o)
                0x080012a8                i2c_set_ccr_trise
 .text.i2c_master_enable
                0x080012fc      0x1b4 C:\Users\Данила Кондрашов\AppData\Local\Temp\VMBuilds\LAB8_NEW\stm32duino_genericSTM32F103C6\Release\core.a(i2c.c.o)
                0x080012fc                i2c_master_enable
 .text.i2c_config_gpios
                0x080014b0       0x58 C:\Users\Данила Кондрашов\AppData\Local\Temp\VMBuilds\LAB8_NEW\stm32duino_genericSTM32F103C6\Release\core.a(i2c_f1.c.o)
                0x080014b0                i2c_config_gpios
 .text.i2c_master_release_bus
                0x08001508       0x4c C:\Users\Данила Кондрашов\AppData\Local\Temp\VMBuilds\LAB8_NEW\stm32duino_genericSTM32F103C6\Release\core.a(i2c_f1.c.o)
                0x08001508                i2c_master_release_bus
 .text.__irq_i2c1_ev
                0x08001554        0xc C:\Users\Данила Кондрашов\AppData\Local\Temp\VMBuilds\LAB8_NEW\stm32duino_genericSTM32F103C6\Release\core.a(i2c_f1.c.o)
                0x08001554                __irq_i2c1_ev
 .text.__irq_i2c2_ev
                0x08001560        0xc C:\Users\Данила Кондрашов\AppData\Local\Temp\VMBuilds\LAB8_NEW\stm32duino_genericSTM32F103C6\Release\core.a(i2c_f1.c.o)
                0x08001560                __irq_i2c2_ev
 .text.__irq_i2c1_er
                0x0800156c        0xc C:\Users\Данила Кондрашов\AppData\Local\Temp\VMBuilds\LAB8_NEW\stm32duino_genericSTM32F103C6\Release\core.a(i2c_f1.c.o)
                0x0800156c                __irq_i2c1_er
 .text.__irq_i2c2_er
                0x08001578        0xc C:\Users\Данила Кондрашов\AppData\Local\Temp\VMBuilds\LAB8_NEW\stm32duino_genericSTM32F103C6\Release\core.a(i2c_f1.c.o)
                0x08001578                __irq_i2c2_er
 .text._i2c_irq_priority_fixup
                0x08001584        0xa C:\Users\Данила Кондрашов\AppData\Local\Temp\VMBuilds\LAB8_NEW\stm32duino_genericSTM32F103C6\Release\core.a(i2c_f1.c.o)
                0x08001584                _i2c_irq_priority_fixup
 *fill*         0x0800158e        0x2 
 .text.nvic_irq_set_priority
                0x08001590       0x28 C:\Users\Данила Кондрашов\AppData\Local\Temp\VMBuilds\LAB8_NEW\stm32duino_genericSTM32F103C6\Release\core.a(nvic.c.o)
                0x08001590                nvic_irq_set_priority
 .text.nvic_init
                0x080015b8       0x30 C:\Users\Данила Кондрашов\AppData\Local\Temp\VMBuilds\LAB8_NEW\stm32duino_genericSTM32F103C6\Release\core.a(nvic.c.o)
                0x080015b8                nvic_init
 .text.rcc_dev_clk
                0x080015e8        0xc C:\Users\Данила Кондрашов\AppData\Local\Temp\VMBuilds\LAB8_NEW\stm32duino_genericSTM32F103C6\Release\core.a(rcc.c.o)
                0x080015e8                rcc_dev_clk
 .text.rcc_switch_sysclk
                0x080015f4       0x20 C:\Users\Данила Кондрашов\AppData\Local\Temp\VMBuilds\LAB8_NEW\stm32duino_genericSTM32F103C6\Release\core.a(rcc.c.o)
                0x080015f4                rcc_switch_sysclk
 .text.rcc_turn_on_clk
                0x08001614       0x1a C:\Users\Данила Кондрашов\AppData\Local\Temp\VMBuilds\LAB8_NEW\stm32duino_genericSTM32F103C6\Release\core.a(rcc.c.o)
                0x08001614                rcc_turn_on_clk
 .text.rcc_turn_off_clk
                0x0800162e       0x1c C:\Users\Данила Кондрашов\AppData\Local\Temp\VMBuilds\LAB8_NEW\stm32duino_genericSTM32F103C6\Release\core.a(rcc.c.o)
                0x0800162e                rcc_turn_off_clk
 .text.rcc_is_clk_ready
                0x0800164a       0x18 C:\Users\Данила Кондрашов\AppData\Local\Temp\VMBuilds\LAB8_NEW\stm32duino_genericSTM32F103C6\Release\core.a(rcc.c.o)
                0x0800164a                rcc_is_clk_ready
 *fill*         0x08001662        0x2 
 .text.rcc_configure_pll
                0x08001664       0x18 C:\Users\Данила Кондрашов\AppData\Local\Temp\VMBuilds\LAB8_NEW\stm32duino_genericSTM32F103C6\Release\core.a(rcc_f1.c.o)
                0x08001664                rcc_configure_pll
 .text.rcc_clk_enable
                0x0800167c       0x30 C:\Users\Данила Кондрашов\AppData\Local\Temp\VMBuilds\LAB8_NEW\stm32duino_genericSTM32F103C6\Release\core.a(rcc_f1.c.o)
                0x0800167c                rcc_clk_enable
 .text.rcc_reset_dev
                0x080016ac       0x34 C:\Users\Данила Кондрашов\AppData\Local\Temp\VMBuilds\LAB8_NEW\stm32duino_genericSTM32F103C6\Release\core.a(rcc_f1.c.o)
                0x080016ac                rcc_reset_dev
 .text.rcc_set_prescaler
                0x080016e0       0x20 C:\Users\Данила Кондрашов\AppData\Local\Temp\VMBuilds\LAB8_NEW\stm32duino_genericSTM32F103C6\Release\core.a(rcc_f1.c.o)
                0x080016e0                rcc_set_prescaler
 .text.rcc_clk_disable
                0x08001700       0x30 C:\Users\Данила Кондрашов\AppData\Local\Temp\VMBuilds\LAB8_NEW\stm32duino_genericSTM32F103C6\Release\core.a(rcc_f1.c.o)
                0x08001700                rcc_clk_disable
 .text.systick_init
                0x08001730       0x10 C:\Users\Данила Кондрашов\AppData\Local\Temp\VMBuilds\LAB8_NEW\stm32duino_genericSTM32F103C6\Release\core.a(systick.c.o)
                0x08001730                systick_init
 .text.__exc_systick
                0x08001740       0x1c C:\Users\Данила Кондрашов\AppData\Local\Temp\VMBuilds\LAB8_NEW\stm32duino_genericSTM32F103C6\Release\core.a(systick.c.o)
                0x08001740                __exc_systick
 .text.timer_oc_set_mode
                0x0800175c       0x3a C:\Users\Данила Кондрашов\AppData\Local\Temp\VMBuilds\LAB8_NEW\stm32duino_genericSTM32F103C6\Release\core.a(timer.c.o)
 .text.dispatch_general
                0x08001796       0x66 C:\Users\Данила Кондрашов\AppData\Local\Temp\VMBuilds\LAB8_NEW\stm32duino_genericSTM32F103C6\Release\core.a(timer.c.o)
 .text.timer_cc_enable
                0x080017fc       0x1c C:\Users\Данила Кондрашов\AppData\Local\Temp\VMBuilds\LAB8_NEW\stm32duino_genericSTM32F103C6\Release\core.a(timer.c.o)
 .text.timer_foreach
                0x08001818       0x28 C:\Users\Данила Кондрашов\AppData\Local\Temp\VMBuilds\LAB8_NEW\stm32duino_genericSTM32F103C6\Release\core.a(timer.c.o)
                0x08001818                timer_foreach
 .text.timer_init
                0x08001840       0x14 C:\Users\Данила Кондрашов\AppData\Local\Temp\VMBuilds\LAB8_NEW\stm32duino_genericSTM32F103C6\Release\core.a(timer.c.o)
                0x08001840                timer_init
 .text.timer_has_cc_channel
                0x08001854       0x30 C:\Users\Данила Кондрашов\AppData\Local\Temp\VMBuilds\LAB8_NEW\stm32duino_genericSTM32F103C6\Release\core.a(timer.c.o)
                0x08001854                timer_has_cc_channel
 .text.timer_attach_interrupt
                0x08001884       0xe0 C:\Users\Данила Кондрашов\AppData\Local\Temp\VMBuilds\LAB8_NEW\stm32duino_genericSTM32F103C6\Release\core.a(timer.c.o)
                0x08001884                timer_attach_interrupt
 .text.timer_detach_interrupt
                0x08001964       0x1e C:\Users\Данила Кондрашов\AppData\Local\Temp\VMBuilds\LAB8_NEW\stm32duino_genericSTM32F103C6\Release\core.a(timer.c.o)
                0x08001964                timer_detach_interrupt
 .text.input_capture_mode
                0x08001982       0x1a C:\Users\Данила Кондрашов\AppData\Local\Temp\VMBuilds\LAB8_NEW\stm32duino_genericSTM32F103C6\Release\core.a(timer.c.o)
                0x08001982                input_capture_mode
 .text.timer_set_mode
                0x0800199c       0x8c C:\Users\Данила Кондрашов\AppData\Local\Temp\VMBuilds\LAB8_NEW\stm32duino_genericSTM32F103C6\Release\core.a(timer.c.o)
                0x0800199c                timer_set_mode
 .text.__irq_tim1_brk
                0x08001a28       0x24 C:\Users\Данила Кондрашов\AppData\Local\Temp\VMBuilds\LAB8_NEW\stm32duino_genericSTM32F103C6\Release\core.a(timer.c.o)
                0x08001a28                __irq_tim1_brk
 .text.__irq_tim1_up
                0x08001a4c       0x24 C:\Users\Данила Кондрашов\AppData\Local\Temp\VMBuilds\LAB8_NEW\stm32duino_genericSTM32F103C6\Release\core.a(timer.c.o)
                0x08001a4c                __irq_tim1_up
 .text.__irq_tim1_trg_com
                0x08001a70       0x34 C:\Users\Данила Кондрашов\AppData\Local\Temp\VMBuilds\LAB8_NEW\stm32duino_genericSTM32F103C6\Release\core.a(timer.c.o)
                0x08001a70                __irq_tim1_trg_com
 .text.__irq_tim1_cc
                0x08001aa4       0x50 C:\Users\Данила Кондрашов\AppData\Local\Temp\VMBuilds\LAB8_NEW\stm32duino_genericSTM32F103C6\Release\core.a(timer.c.o)
                0x08001aa4                __irq_tim1_cc
 .text.__irq_tim2
                0x08001af4        0xc C:\Users\Данила Кондрашов\AppData\Local\Temp\VMBuilds\LAB8_NEW\stm32duino_genericSTM32F103C6\Release\core.a(timer.c.o)
                0x08001af4                __irq_tim2
 .text.__irq_tim3
                0x08001b00        0xc C:\Users\Данила Кондрашов\AppData\Local\Temp\VMBuilds\LAB8_NEW\stm32duino_genericSTM32F103C6\Release\core.a(timer.c.o)
                0x08001b00                __irq_tim3
 .text.__irq_tim4
                0x08001b0c        0xc C:\Users\Данила Кондрашов\AppData\Local\Temp\VMBuilds\LAB8_NEW\stm32duino_genericSTM32F103C6\Release\core.a(timer.c.o)
                0x08001b0c                __irq_tim4
 .text.usart_irq
                0x08001b18       0xc8 C:\Users\Данила Кондрашов\AppData\Local\Temp\VMBuilds\LAB8_NEW\stm32duino_genericSTM32F103C6\Release\core.a(usart_f1.c.o)
 .text.usart_config_gpios_async
                0x08001be0       0x4a C:\Users\Данила Кондрашов\AppData\Local\Temp\VMBuilds\LAB8_NEW\stm32duino_genericSTM32F103C6\Release\core.a(usart_f1.c.o)
                0x08001be0                usart_config_gpios_async
 .text.usart_set_baud_rate
                0x08001c2a       0x3c C:\Users\Данила Кондрашов\AppData\Local\Temp\VMBuilds\LAB8_NEW\stm32duino_genericSTM32F103C6\Release\core.a(usart_f1.c.o)
                0x08001c2a                usart_set_baud_rate
 *fill*         0x08001c66        0x2 
 .text.__irq_usart1
                0x08001c68       0x18 C:\Users\Данила Кондрашов\AppData\Local\Temp\VMBuilds\LAB8_NEW\stm32duino_genericSTM32F103C6\Release\core.a(usart_f1.c.o)
                0x08001c68                __irq_usart1
 .text.__irq_usart2
                0x08001c80       0x18 C:\Users\Данила Кондрашов\AppData\Local\Temp\VMBuilds\LAB8_NEW\stm32duino_genericSTM32F103C6\Release\core.a(usart_f1.c.o)
                0x08001c80                __irq_usart2
 .text.__irq_usart3
                0x08001c98       0x18 C:\Users\Данила Кондрашов\AppData\Local\Temp\VMBuilds\LAB8_NEW\stm32duino_genericSTM32F103C6\Release\core.a(usart_f1.c.o)
                0x08001c98                __irq_usart3
 .text._usart_clock_freq
                0x08001cb0       0x24 C:\Users\Данила Кондрашов\AppData\Local\Temp\VMBuilds\LAB8_NEW\stm32duino_genericSTM32F103C6\Release\core.a(usart_private.c.o)
                0x08001cb0                _usart_clock_freq
 .text.throb    0x08001cd4       0x4c C:\Users\Данила Кондрашов\AppData\Local\Temp\VMBuilds\LAB8_NEW\stm32duino_genericSTM32F103C6\Release\core.a(util.c.o)
                0x08001cd4                throb
 .text.__error  0x08001d20       0x14 C:\Users\Данила Кондрашов\AppData\Local\Temp\VMBuilds\LAB8_NEW\stm32duino_genericSTM32F103C6\Release\core.a(util.c.o)
                0x08001d20                __error
 .text.usb_resume
                0x08001d34       0xb4 C:\Users\Данила Кондрашов\AppData\Local\Temp\VMBuilds\LAB8_NEW\stm32duino_genericSTM32F103C6\Release\core.a(usb.c.o)
 .text.__irq_usb_lp_can_rx0
                0x08001de8      0x1c8 C:\Users\Данила Кондрашов\AppData\Local\Temp\VMBuilds\LAB8_NEW\stm32duino_genericSTM32F103C6\Release\core.a(usb.c.o)
                0x08001de8                __irq_usb_lp_can_rx0
 .text.usb_set_ep_rx_stat
                0x08001fb0       0x22 C:\Users\Данила Кондрашов\AppData\Local\Temp\VMBuilds\LAB8_NEW\stm32duino_genericSTM32F103C6\Release\core.a(usb_cdcacm.c.o)
 *fill*         0x08001fd2        0x2 
 .text.vcomGetSetLineCoding
                0x08001fd4       0x18 C:\Users\Данила Кондрашов\AppData\Local\Temp\VMBuilds\LAB8_NEW\stm32duino_genericSTM32F103C6\Release\core.a(usb_cdcacm.c.o)
 .text.usbDataSetup
                0x08001fec       0x54 C:\Users\Данила Кондрашов\AppData\Local\Temp\VMBuilds\LAB8_NEW\stm32duino_genericSTM32F103C6\Release\core.a(usb_cdcacm.c.o)
 .text.usbNoDataSetup
                0x08002040       0x50 C:\Users\Данила Кондрашов\AppData\Local\Temp\VMBuilds\LAB8_NEW\stm32duino_genericSTM32F103C6\Release\core.a(usb_cdcacm.c.o)
 .text.usbGetInterfaceSetting
                0x08002090       0x10 C:\Users\Данила Кондрашов\AppData\Local\Temp\VMBuilds\LAB8_NEW\stm32duino_genericSTM32F103C6\Release\core.a(usb_cdcacm.c.o)
 .text.usbGetStringDescriptor
                0x080020a0       0x20 C:\Users\Данила Кондрашов\AppData\Local\Temp\VMBuilds\LAB8_NEW\stm32duino_genericSTM32F103C6\Release\core.a(usb_cdcacm.c.o)
 .text.usbGetConfigDescriptor
                0x080020c0        0xc C:\Users\Данила Кондрашов\AppData\Local\Temp\VMBuilds\LAB8_NEW\stm32duino_genericSTM32F103C6\Release\core.a(usb_cdcacm.c.o)
 .text.usbGetDeviceDescriptor
                0x080020cc        0xc C:\Users\Данила Кондрашов\AppData\Local\Temp\VMBuilds\LAB8_NEW\stm32duino_genericSTM32F103C6\Release\core.a(usb_cdcacm.c.o)
 .text.usbInit  0x080020d8       0x44 C:\Users\Данила Кондрашов\AppData\Local\Temp\VMBuilds\LAB8_NEW\stm32duino_genericSTM32F103C6\Release\core.a(usb_cdcacm.c.o)
 .text.usbReset
                0x0800211c      0x160 C:\Users\Данила Кондрашов\AppData\Local\Temp\VMBuilds\LAB8_NEW\stm32duino_genericSTM32F103C6\Release\core.a(usb_cdcacm.c.o)
 .text.usb_set_ep_rx_count
                0x0800227c       0x4c C:\Users\Данила Кондрашов\AppData\Local\Temp\VMBuilds\LAB8_NEW\stm32duino_genericSTM32F103C6\Release\core.a(usb_reg_map.c.o)
                0x0800227c                usb_set_ep_rx_count
 .text.Standard_GetConfiguration
                0x080022c8       0x24 C:\Users\Данила Кондрашов\AppData\Local\Temp\VMBuilds\LAB8_NEW\stm32duino_genericSTM32F103C6\Release\core.a(usb_core.c.o)
                0x080022c8                Standard_GetConfiguration
 .text.Standard_GetInterface
                0x080022ec       0x24 C:\Users\Данила Кондрашов\AppData\Local\Temp\VMBuilds\LAB8_NEW\stm32duino_genericSTM32F103C6\Release\core.a(usb_core.c.o)
                0x080022ec                Standard_GetInterface
 .text.Standard_GetStatus
                0x08002310       0x90 C:\Users\Данила Кондрашов\AppData\Local\Temp\VMBuilds\LAB8_NEW\stm32duino_genericSTM32F103C6\Release\core.a(usb_core.c.o)
                0x08002310                Standard_GetStatus
 .text.DataStageIn
                0x080023a0       0xa8 C:\Users\Данила Кондрашов\AppData\Local\Temp\VMBuilds\LAB8_NEW\stm32duino_genericSTM32F103C6\Release\core.a(usb_core.c.o)
 .text.Standard_SetConfiguration
                0x08002448       0x38 C:\Users\Данила Кондрашов\AppData\Local\Temp\VMBuilds\LAB8_NEW\stm32duino_genericSTM32F103C6\Release\core.a(usb_core.c.o)
                0x08002448                Standard_SetConfiguration
 .text.Standard_SetInterface
                0x08002480       0x48 C:\Users\Данила Кондрашов\AppData\Local\Temp\VMBuilds\LAB8_NEW\stm32duino_genericSTM32F103C6\Release\core.a(usb_core.c.o)
                0x08002480                Standard_SetInterface
 .text.Standard_ClearFeature
                0x080024c8       0xd0 C:\Users\Данила Кондрашов\AppData\Local\Temp\VMBuilds\LAB8_NEW\stm32duino_genericSTM32F103C6\Release\core.a(usb_core.c.o)
                0x080024c8                Standard_ClearFeature
 .text.Standard_SetEndPointFeature
                0x08002598       0x84 C:\Users\Данила Кондрашов\AppData\Local\Temp\VMBuilds\LAB8_NEW\stm32duino_genericSTM32F103C6\Release\core.a(usb_core.c.o)
                0x08002598                Standard_SetEndPointFeature
 .text.Standard_SetDeviceFeature
                0x0800261c       0x24 C:\Users\Данила Кондрашов\AppData\Local\Temp\VMBuilds\LAB8_NEW\stm32duino_genericSTM32F103C6\Release\core.a(usb_core.c.o)
                0x0800261c                Standard_SetDeviceFeature
 .text.Standard_GetDescriptorData
                0x08002640       0x1c C:\Users\Данила Кондрашов\AppData\Local\Temp\VMBuilds\LAB8_NEW\stm32duino_genericSTM32F103C6\Release\core.a(usb_core.c.o)
                0x08002640                Standard_GetDescriptorData
 .text.Post0_Process
                0x0800265c       0x40 C:\Users\Данила Кондрашов\AppData\Local\Temp\VMBuilds\LAB8_NEW\stm32duino_genericSTM32F103C6\Release\core.a(usb_core.c.o)
                0x0800265c                Post0_Process
 .text.Setup0_Process
                0x0800269c      0x2d0 C:\Users\Данила Кондрашов\AppData\Local\Temp\VMBuilds\LAB8_NEW\stm32duino_genericSTM32F103C6\Release\core.a(usb_core.c.o)
                0x0800269c                Setup0_Process
 .text.Out0_Process
                0x0800296c       0xc8 C:\Users\Данила Кондрашов\AppData\Local\Temp\VMBuilds\LAB8_NEW\stm32duino_genericSTM32F103C6\Release\core.a(usb_core.c.o)
                0x0800296c                Out0_Process
 .text.SetDeviceAddress
                0x08002a34       0x38 C:\Users\Данила Кондрашов\AppData\Local\Temp\VMBuilds\LAB8_NEW\stm32duino_genericSTM32F103C6\Release\core.a(usb_core.c.o)
                0x08002a34                SetDeviceAddress
 .text.In0_Process
                0x08002a6c       0x5c C:\Users\Данила Кондрашов\AppData\Local\Temp\VMBuilds\LAB8_NEW\stm32duino_genericSTM32F103C6\Release\core.a(usb_core.c.o)
                0x08002a6c                In0_Process
 .text.NOP_Process
                0x08002ac8        0x2 C:\Users\Данила Кондрашов\AppData\Local\Temp\VMBuilds\LAB8_NEW\stm32duino_genericSTM32F103C6\Release\core.a(usb_core.c.o)
                0x08002ac8                NOP_Process
 .text.UserToPMABufferCopy
                0x08002aca       0x30 C:\Users\Данила Кондрашов\AppData\Local\Temp\VMBuilds\LAB8_NEW\stm32duino_genericSTM32F103C6\Release\core.a(usb_mem.c.o)
                0x08002aca                UserToPMABufferCopy
 .text.PMAToUserBufferCopy
                0x08002afa       0x32 C:\Users\Данила Кондрашов\AppData\Local\Temp\VMBuilds\LAB8_NEW\stm32duino_genericSTM32F103C6\Release\core.a(usb_mem.c.o)
                0x08002afa                PMAToUserBufferCopy
 .text.SetEPTxStatus
                0x08002b2c       0x2a C:\Users\Данила Кондрашов\AppData\Local\Temp\VMBuilds\LAB8_NEW\stm32duino_genericSTM32F103C6\Release\core.a(usb_regs.c.o)
                0x08002b2c                SetEPTxStatus
 .text.ClearDTOG_RX
                0x08002b56       0x20 C:\Users\Данила Кондрашов\AppData\Local\Temp\VMBuilds\LAB8_NEW\stm32duino_genericSTM32F103C6\Release\core.a(usb_regs.c.o)
                0x08002b56                ClearDTOG_RX
 .text.ClearDTOG_TX
                0x08002b76       0x20 C:\Users\Данила Кондрашов\AppData\Local\Temp\VMBuilds\LAB8_NEW\stm32duino_genericSTM32F103C6\Release\core.a(usb_regs.c.o)
                0x08002b76                ClearDTOG_TX
 *fill*         0x08002b96        0x2 
 .text.GetEPTxAddr
                0x08002b98       0x1c C:\Users\Данила Кондрашов\AppData\Local\Temp\VMBuilds\LAB8_NEW\stm32duino_genericSTM32F103C6\Release\core.a(usb_regs.c.o)
                0x08002b98                GetEPTxAddr
 .text.GetEPRxAddr
                0x08002bb4       0x1c C:\Users\Данила Кондрашов\AppData\Local\Temp\VMBuilds\LAB8_NEW\stm32duino_genericSTM32F103C6\Release\core.a(usb_regs.c.o)
                0x08002bb4                GetEPRxAddr
 .text.SetEPTxCount
                0x08002bd0       0x1c C:\Users\Данила Кондрашов\AppData\Local\Temp\VMBuilds\LAB8_NEW\stm32duino_genericSTM32F103C6\Release\core.a(usb_regs.c.o)
                0x08002bd0                SetEPTxCount
 .text.SetEPRxCount
                0x08002bec       0x40 C:\Users\Данила Кондрашов\AppData\Local\Temp\VMBuilds\LAB8_NEW\stm32duino_genericSTM32F103C6\Release\core.a(usb_regs.c.o)
                0x08002bec                SetEPRxCount
 .text.__cxa_pure_virtual
                0x08002c2c        0x2 C:\Users\Данила Кондрашов\AppData\Local\Temp\VMBuilds\LAB8_NEW\stm32duino_genericSTM32F103C6\Release\core.a(cxxabi-compat.cpp.o)
                0x08002c2c                __cxa_pure_virtual
 .text.rb_full_count
                0x08002c2e       0x22 C:\Users\Данила Кондрашов\AppData\Local\Temp\VMBuilds\LAB8_NEW\stm32duino_genericSTM32F103C6\Release\core.a(HardwareSerial.cpp.o)
 .text._ZN14HardwareSerial4readEv
                0x08002c50       0x3a C:\Users\Данила Кондрашов\AppData\Local\Temp\VMBuilds\LAB8_NEW\stm32duino_genericSTM32F103C6\Release\core.a(HardwareSerial.cpp.o)
                0x08002c50                HardwareSerial::read()
 .text._ZN14HardwareSerial9availableEv
                0x08002c8a        0xc C:\Users\Данила Кондрашов\AppData\Local\Temp\VMBuilds\LAB8_NEW\stm32duino_genericSTM32F103C6\Release\core.a(HardwareSerial.cpp.o)
                0x08002c8a                HardwareSerial::available()
 .text._ZN14HardwareSerial4peekEv
                0x08002c96       0x22 C:\Users\Данила Кондрашов\AppData\Local\Temp\VMBuilds\LAB8_NEW\stm32duino_genericSTM32F103C6\Release\core.a(HardwareSerial.cpp.o)
                0x08002c96                HardwareSerial::peek()
 .text._ZN14HardwareSerial5flushEv
                0x08002cb8       0x1a C:\Users\Данила Кондрашов\AppData\Local\Temp\VMBuilds\LAB8_NEW\stm32duino_genericSTM32F103C6\Release\core.a(HardwareSerial.cpp.o)
                0x08002cb8                HardwareSerial::flush()
 .text._ZN14HardwareSerial5writeEh
                0x08002cd2       0x1e C:\Users\Данила Кондрашов\AppData\Local\Temp\VMBuilds\LAB8_NEW\stm32duino_genericSTM32F103C6\Release\core.a(HardwareSerial.cpp.o)
                0x08002cd2                HardwareSerial::write(unsigned char)
 .text._ZN14HardwareSerialC2EP9usart_devhh
                0x08002cf0       0x1c C:\Users\Данила Кондрашов\AppData\Local\Temp\VMBuilds\LAB8_NEW\stm32duino_genericSTM32F103C6\Release\core.a(HardwareSerial.cpp.o)
                0x08002cf0                HardwareSerial::HardwareSerial(usart_dev*, unsigned char, unsigned char)
                0x08002cf0                HardwareSerial::HardwareSerial(usart_dev*, unsigned char, unsigned char)
 .text._ZN14HardwareSerial5beginEmh
                0x08002d0c       0x78 C:\Users\Данила Кондрашов\AppData\Local\Temp\VMBuilds\LAB8_NEW\stm32duino_genericSTM32F103C6\Release\core.a(HardwareSerial.cpp.o)
                0x08002d0c                HardwareSerial::begin(unsigned long, unsigned char)
 .text._ZN14HardwareSerial5beginEm
                0x08002d84        0x6 C:\Users\Данила Кондрашов\AppData\Local\Temp\VMBuilds\LAB8_NEW\stm32duino_genericSTM32F103C6\Release\core.a(HardwareSerial.cpp.o)
                0x08002d84                HardwareSerial::begin(unsigned long)
 .text.startup._Z7premainv
                0x08002d8a        0x4 C:\Users\Данила Кондрашов\AppData\Local\Temp\VMBuilds\LAB8_NEW\stm32duino_genericSTM32F103C6\Release\core.a(main.cpp.o)
                0x08002d8a                premain()
 .text.startup.main
                0x08002d8e        0xc C:\Users\Данила Кондрашов\AppData\Local\Temp\VMBuilds\LAB8_NEW\stm32duino_genericSTM32F103C6\Release\core.a(main.cpp.o)
                0x08002d8e                main
 .text._ZN5Print5writeEPKvm
                0x08002d9a       0x20 C:\Users\Данила Кондрашов\AppData\Local\Temp\VMBuilds\LAB8_NEW\stm32duino_genericSTM32F103C6\Release\core.a(Print.cpp.o)
                0x08002d9a                Print::write(void const*, unsigned long)
 .text._ZN5Print5writeEPKc
                0x08002dba       0x1e C:\Users\Данила Кондрашов\AppData\Local\Temp\VMBuilds\LAB8_NEW\stm32duino_genericSTM32F103C6\Release\core.a(Print.cpp.o)
                0x08002dba                Print::write(char const*)
 .text._ZN5Print5printEc
                0x08002dd8        0xa C:\Users\Данила Кондрашов\AppData\Local\Temp\VMBuilds\LAB8_NEW\stm32duino_genericSTM32F103C6\Release\core.a(Print.cpp.o)
                0x08002dd8                Print::print(char)
 .text._ZN5Print5printEPKc
                0x08002de2        0xa C:\Users\Данила Кондрашов\AppData\Local\Temp\VMBuilds\LAB8_NEW\stm32duino_genericSTM32F103C6\Release\core.a(Print.cpp.o)
                0x08002de2                Print::print(char const*)
 .text._ZN5Print5printEPK19__FlashStringHelper
                0x08002dec        0x4 C:\Users\Данила Кондрашов\AppData\Local\Temp\VMBuilds\LAB8_NEW\stm32duino_genericSTM32F103C6\Release\core.a(Print.cpp.o)
                0x08002dec                Print::print(__FlashStringHelper const*)
 .text._ZN5Print7printlnEv
                0x08002df0       0x18 C:\Users\Данила Кондрашов\AppData\Local\Temp\VMBuilds\LAB8_NEW\stm32duino_genericSTM32F103C6\Release\core.a(Print.cpp.o)
                0x08002df0                Print::println()
 .text._ZN5Print7printlnEPKc
                0x08002e08       0x14 C:\Users\Данила Кондрашов\AppData\Local\Temp\VMBuilds\LAB8_NEW\stm32duino_genericSTM32F103C6\Release\core.a(Print.cpp.o)
                0x08002e08                Print::println(char const*)
 .text._ZN5Print7printlnEPK19__FlashStringHelper
                0x08002e1c       0x14 C:\Users\Данила Кондрашов\AppData\Local\Temp\VMBuilds\LAB8_NEW\stm32duino_genericSTM32F103C6\Release\core.a(Print.cpp.o)
                0x08002e1c                Print::println(__FlashStringHelper const*)
 .text._ZN5Print11printNumberEyh
                0x08002e30       0x84 C:\Users\Данила Кондрашов\AppData\Local\Temp\VMBuilds\LAB8_NEW\stm32duino_genericSTM32F103C6\Release\core.a(Print.cpp.o)
                0x08002e30                Print::printNumber(unsigned long long, unsigned char)
 .text._ZN5Print5printExi
                0x08002eb4       0x32 C:\Users\Данила Кондрашов\AppData\Local\Temp\VMBuilds\LAB8_NEW\stm32duino_genericSTM32F103C6\Release\core.a(Print.cpp.o)
                0x08002eb4                Print::print(long long, int)
 .text._ZN5Print5printEii
                0x08002ee6       0x12 C:\Users\Данила Кондрашов\AppData\Local\Temp\VMBuilds\LAB8_NEW\stm32duino_genericSTM32F103C6\Release\core.a(Print.cpp.o)
                0x08002ee6                Print::print(int, int)
 .text._ZN5Print10printFloatEdh
                0x08002ef8      0x158 C:\Users\Данила Кондрашов\AppData\Local\Temp\VMBuilds\LAB8_NEW\stm32duino_genericSTM32F103C6\Release\core.a(Print.cpp.o)
                0x08002ef8                Print::printFloat(double, unsigned char)
 .text._ZN5Print5printEdi
                0x08003050        0xa C:\Users\Данила Кондрашов\AppData\Local\Temp\VMBuilds\LAB8_NEW\stm32duino_genericSTM32F103C6\Release\core.a(Print.cpp.o)
                0x08003050                Print::print(double, int)
 *fill*         0x0800305a        0x2 
 .text._Z8pwmWriteht
                0x0800305c       0x24 C:\Users\Данила Кондрашов\AppData\Local\Temp\VMBuilds\LAB8_NEW\stm32duino_genericSTM32F103C6\Release\core.a(pwm.cpp.o)
                0x0800305c                pwmWrite(unsigned char, unsigned short)
 .text._Z11analogWritehi
                0x08003080       0x1c C:\Users\Данила Кондрашов\AppData\Local\Temp\VMBuilds\LAB8_NEW\stm32duino_genericSTM32F103C6\Release\core.a(pwm.cpp.o)
                0x08003080                analogWrite(unsigned char, int)
 .text._Z14tone_handler_1v
                0x0800309c       0x74 C:\Users\Данила Кондрашов\AppData\Local\Temp\VMBuilds\LAB8_NEW\stm32duino_genericSTM32F103C6\Release\core.a(tone.cpp.o)
                0x0800309c                tone_handler_1()
 .text._Z14tone_handler_2v
                0x08003110       0xa8 C:\Users\Данила Кондрашов\AppData\Local\Temp\VMBuilds\LAB8_NEW\stm32duino_genericSTM32F103C6\Release\core.a(tone.cpp.o)
                0x08003110                tone_handler_2()
 .text._Z4tonemmm
                0x080031b8      0x19c C:\Users\Данила Кондрашов\AppData\Local\Temp\VMBuilds\LAB8_NEW\stm32duino_genericSTM32F103C6\Release\core.a(tone.cpp.o)
                0x080031b8                tone(unsigned long, unsigned long, unsigned long)
 .text.startup._GLOBAL__sub_I_TTimer1
                0x08003354       0x38 C:\Users\Данила Кондрашов\AppData\Local\Temp\VMBuilds\LAB8_NEW\stm32duino_genericSTM32F103C6\Release\core.a(tone.cpp.o)
 .text._Z11digitalReadh
                0x0800338c       0x2c C:\Users\Данила Кондрашов\AppData\Local\Temp\VMBuilds\LAB8_NEW\stm32duino_genericSTM32F103C6\Release\core.a(wirish_digital.cpp.o)
                0x0800338c                digitalRead(unsigned char)
 .text._Z12digitalWritehh
                0x080033b8       0x2c C:\Users\Данила Кондрашов\AppData\Local\Temp\VMBuilds\LAB8_NEW\stm32duino_genericSTM32F103C6\Release\core.a(wirish_digital.cpp.o)
                0x080033b8                digitalWrite(unsigned char, unsigned char)
 .text.micros   0x080033e4       0x34 C:\Users\Данила Кондрашов\AppData\Local\Temp\VMBuilds\LAB8_NEW\stm32duino_genericSTM32F103C6\Release\core.a(wirish_time.cpp.o)
 .text.delay    0x08003418       0x2a C:\Users\Данила Кондрашов\AppData\Local\Temp\VMBuilds\LAB8_NEW\stm32duino_genericSTM32F103C6\Release\core.a(wirish_time.cpp.o)
                0x08003418                delay
 *fill*         0x08003442        0x2 
 .text._Z7pinModeh13WiringPinMode
                0x08003444       0x84 C:\Users\Данила Кондрашов\AppData\Local\Temp\VMBuilds\LAB8_NEW\stm32duino_genericSTM32F103C6\Release\core.a(wirish_digital_f1.cpp.o)
                0x08003444                pinMode(unsigned char, WiringPinMode)
 .text.__empty  0x080034c8        0x2 C:\Users\Данила Кондрашов\AppData\Local\Temp\VMBuilds\LAB8_NEW\stm32duino_genericSTM32F103C6\Release\core.a(hooks.c.o)
                0x080034c8                yield
 .text.gpio_init
                0x080034ca       0x14 C:\Users\Данила Кондрашов\AppData\Local\Temp\VMBuilds\LAB8_NEW\stm32duino_genericSTM32F103C6\Release\core.a(gpio.c.o)
                0x080034ca                gpio_init
 *fill*         0x080034de        0x2 
 .text.usart_init
                0x080034e0       0x4c C:\Users\Данила Кондрашов\AppData\Local\Temp\VMBuilds\LAB8_NEW\stm32duino_genericSTM32F103C6\Release\core.a(usart.c.o)
                0x080034e0                usart_init
 .text.usart_enable
                0x0800352c       0x14 C:\Users\Данила Кондрашов\AppData\Local\Temp\VMBuilds\LAB8_NEW\stm32duino_genericSTM32F103C6\Release\core.a(usart.c.o)
                0x0800352c                usart_enable
 .text.usart_tx
                0x08003540       0x9c C:\Users\Данила Кондрашов\AppData\Local\Temp\VMBuilds\LAB8_NEW\stm32duino_genericSTM32F103C6\Release\core.a(usart.c.o)
                0x08003540                usart_tx
 .text.set_this_dev
                0x080035dc       0x1c C:\Users\Данила Кондрашов\AppData\Local\Temp\VMBuilds\LAB8_NEW\stm32duino_genericSTM32F103C6\Release\core.a(HardwareTimer.cpp.o)
 .text._ZN13HardwareTimerC2Eh
                0x080035f8       0x2c C:\Users\Данила Кондрашов\AppData\Local\Temp\VMBuilds\LAB8_NEW\stm32duino_genericSTM32F103C6\Release\core.a(HardwareTimer.cpp.o)
                0x080035f8                HardwareTimer::HardwareTimer(unsigned char)
                0x080035f8                HardwareTimer::HardwareTimer(unsigned char)
 .text._ZN13HardwareTimer5pauseEv
                0x08003624       0x10 C:\Users\Данила Кондрашов\AppData\Local\Temp\VMBuilds\LAB8_NEW\stm32duino_genericSTM32F103C6\Release\core.a(HardwareTimer.cpp.o)
                0x08003624                HardwareTimer::pause()
 .text._ZN13HardwareTimer6resumeEv
                0x08003634       0x10 C:\Users\Данила Кондрашов\AppData\Local\Temp\VMBuilds\LAB8_NEW\stm32duino_genericSTM32F103C6\Release\core.a(HardwareTimer.cpp.o)
                0x08003634                HardwareTimer::resume()
 .text._ZN13HardwareTimer7setModeEi10timer_mode
                0x08003644        0x8 C:\Users\Данила Кондрашов\AppData\Local\Temp\VMBuilds\LAB8_NEW\stm32duino_genericSTM32F103C6\Release\core.a(HardwareTimer.cpp.o)
                0x08003644                HardwareTimer::setMode(int, timer_mode)
 .text._ZN13HardwareTimer10setCompareEit
                0x0800364c       0x1e C:\Users\Данила Кондрашов\AppData\Local\Temp\VMBuilds\LAB8_NEW\stm32duino_genericSTM32F103C6\Release\core.a(HardwareTimer.cpp.o)
                0x0800364c                HardwareTimer::setCompare(int, unsigned short)
 .text._ZN13HardwareTimer15attachInterruptEiPFvvE
                0x0800366a        0x8 C:\Users\Данила Кондрашов\AppData\Local\Temp\VMBuilds\LAB8_NEW\stm32duino_genericSTM32F103C6\Release\core.a(HardwareTimer.cpp.o)
                0x0800366a                HardwareTimer::attachInterrupt(int, void (*)())
 .text._ZN13HardwareTimer15detachInterruptEi
                0x08003672        0x8 C:\Users\Данила Кондрашов\AppData\Local\Temp\VMBuilds\LAB8_NEW\stm32duino_genericSTM32F103C6\Release\core.a(HardwareTimer.cpp.o)
                0x08003672                HardwareTimer::detachInterrupt(int)
 .text._ZN13HardwareTimer7refreshEv
                0x0800367a       0x12 C:\Users\Данила Кондрашов\AppData\Local\Temp\VMBuilds\LAB8_NEW\stm32duino_genericSTM32F103C6\Release\core.a(HardwareTimer.cpp.o)
                0x0800367a                HardwareTimer::refresh()
 .text.startup._GLOBAL__sub_I__ZN13HardwareTimerC2Eh
                0x0800368c       0x38 C:\Users\Данила Кондрашов\AppData\Local\Temp\VMBuilds\LAB8_NEW\stm32duino_genericSTM32F103C6\Release\core.a(HardwareTimer.cpp.o)
 .text          0x080036c4      0x370 c:/users/данила кондрашов/appdata/local/arduino15/packages/arduino/tools/arm-none-eabi-gcc/4.8.3-2014q1/bin/../lib/gcc/arm-none-eabi/4.8.3/armv7-m\libgcc.a(_arm_addsubdf3.o)
                0x080036c4                __aeabi_drsub
                0x080036cc                __aeabi_dsub
                0x080036cc                __subdf3
                0x080036d0                __aeabi_dadd
                0x080036d0                __adddf3
                0x08003948                __floatunsidf
                0x08003948                __aeabi_ui2d
                0x08003968                __floatsidf
                0x08003968                __aeabi_i2d
                0x0800398c                __aeabi_f2d
                0x0800398c                __extendsfdf2
                0x080039c8                __floatundidf
                0x080039c8                __aeabi_ul2d
                0x080039d8                __floatdidf
                0x080039d8                __aeabi_l2d
 .text          0x08003a34      0x424 c:/users/данила кондрашов/appdata/local/arduino15/packages/arduino/tools/arm-none-eabi-gcc/4.8.3-2014q1/bin/../lib/gcc/arm-none-eabi/4.8.3/armv7-m\libgcc.a(_arm_muldivdf3.o)
                0x08003a34                __aeabi_dmul
                0x08003a34                __muldf3
                0x08003c88                __divdf3
                0x08003c88                __aeabi_ddiv
 .text          0x08003e58      0x110 c:/users/данила кондрашов/appdata/local/arduino15/packages/arduino/tools/arm-none-eabi-gcc/4.8.3-2014q1/bin/../lib/gcc/arm-none-eabi/4.8.3/armv7-m\libgcc.a(_arm_cmpdf2.o)
                0x08003e58                __gtdf2
                0x08003e58                __gedf2
                0x08003e60                __ltdf2
                0x08003e60                __ledf2
                0x08003e68                __nedf2
                0x08003e68                __eqdf2
                0x08003e68                __cmpdf2
                0x08003ee4                __aeabi_cdrcmple
                0x08003ef4                __aeabi_cdcmpeq
                0x08003ef4                __aeabi_cdcmple
                0x08003f04                __aeabi_dcmpeq
                0x08003f18                __aeabi_dcmplt
                0x08003f2c                __aeabi_dcmple
                0x08003f40                __aeabi_dcmpge
                0x08003f54                __aeabi_dcmpgt
 .text          0x08003f68       0x50 c:/users/данила кондрашов/appdata/local/arduino15/packages/arduino/tools/arm-none-eabi-gcc/4.8.3-2014q1/bin/../lib/gcc/arm-none-eabi/4.8.3/armv7-m\libgcc.a(_arm_fixdfsi.o)
                0x08003f68                __aeabi_d2iz
                0x08003f68                __fixdfsi
 .text          0x08003fb8      0x21c c:/users/данила кондрашов/appdata/local/arduino15/packages/arduino/tools/arm-none-eabi-gcc/4.8.3-2014q1/bin/../lib/gcc/arm-none-eabi/4.8.3/armv7-m\libgcc.a(_arm_addsubsf3.o)
                0x08003fb8                __aeabi_frsub
                0x08003fc0                __subsf3
                0x08003fc0                __aeabi_fsub
                0x08003fc4                __aeabi_fadd
                0x08003fc4                __addsf3
                0x08004124                __aeabi_ui2f
                0x08004124                __floatunsisf
                0x0800412c                __aeabi_i2f
                0x0800412c                __floatsisf
                0x08004148                __aeabi_ul2f
                0x08004148                __floatundisf
                0x08004158                __aeabi_l2f
                0x08004158                __floatdisf
 .text          0x080041d4      0x2a0 c:/users/данила кондрашов/appdata/local/arduino15/packages/arduino/tools/arm-none-eabi-gcc/4.8.3-2014q1/bin/../lib/gcc/arm-none-eabi/4.8.3/armv7-m\libgcc.a(_arm_muldivsf3.o)
                0x080041d4                __mulsf3
                0x080041d4                __aeabi_fmul
                0x0800433c                __aeabi_fdiv
                0x0800433c                __divsf3
 .text          0x08004474       0x2c c:/users/данила кондрашов/appdata/local/arduino15/packages/arduino/tools/arm-none-eabi-gcc/4.8.3-2014q1/bin/../lib/gcc/arm-none-eabi/4.8.3/armv7-m\libgcc.a(_aeabi_uldivmod.o)
                0x08004474                __aeabi_uldivmod
 .text          0x080044a0       0x30 c:/users/данила кондрашов/appdata/local/arduino15/packages/arduino/tools/arm-none-eabi-gcc/4.8.3-2014q1/bin/../lib/gcc/arm-none-eabi/4.8.3/armv7-m\libgcc.a(_fixdfdi.o)
                0x080044a0                __fixdfdi
                0x080044a0                __aeabi_d2lz
 .text          0x080044d0       0x44 c:/users/данила кондрашов/appdata/local/arduino15/packages/arduino/tools/arm-none-eabi-gcc/4.8.3-2014q1/bin/../lib/gcc/arm-none-eabi/4.8.3/armv7-m\libgcc.a(_fixunsdfdi.o)
                0x080044d0                __fixunsdfdi
                0x080044d0                __aeabi_d2ulz
 .text          0x08004514       0x60 c:/users/данила кондрашов/appdata/local/arduino15/packages/arduino/tools/arm-none-eabi-gcc/4.8.3-2014q1/bin/../lib/gcc/arm-none-eabi/4.8.3/armv7-m\libgcc.a(bpabi.o)
                0x08004514                __gnu_ldivmod_helper
                0x08004544                __gnu_uldivmod_helper
 .text          0x08004574        0x4 c:/users/данила кондрашов/appdata/local/arduino15/packages/arduino/tools/arm-none-eabi-gcc/4.8.3-2014q1/bin/../lib/gcc/arm-none-eabi/4.8.3/armv7-m\libgcc.a(_dvmd_tls.o)
                0x08004574                __aeabi_idiv0
                0x08004574                __aeabi_ldiv0
 .text          0x08004578       0x40 c:/users/данила кондрашов/appdata/local/arduino15/packages/arduino/tools/arm-none-eabi-gcc/4.8.3-2014q1/bin/../lib/gcc/arm-none-eabi/4.8.3/armv7-m\libgcc.a(_arm_fixunsdfsi.o)
                0x08004578                __aeabi_d2uiz
                0x08004578                __fixunsdfsi
 .text          0x080045b8      0x2a0 c:/users/данила кондрашов/appdata/local/arduino15/packages/arduino/tools/arm-none-eabi-gcc/4.8.3-2014q1/bin/../lib/gcc/arm-none-eabi/4.8.3/armv7-m\libgcc.a(_divdi3.o)
                0x080045b8                __divdi3
 .text          0x08004858      0x290 c:/users/данила кондрашов/appdata/local/arduino15/packages/arduino/tools/arm-none-eabi-gcc/4.8.3-2014q1/bin/../lib/gcc/arm-none-eabi/4.8.3/armv7-m\libgcc.a(_udivdi3.o)
                0x08004858                __udivdi3
 .text.__libc_init_array
                0x08004ae8       0x4c c:/users/данила кондрашов/appdata/local/arduino15/packages/arduino/tools/arm-none-eabi-gcc/4.8.3-2014q1/bin/../lib/gcc/arm-none-eabi/4.8.3/../../../../arm-none-eabi/lib/armv7-m\libc_s.a(lib_a-init.o)
                0x08004ae8                __libc_init_array
 .text.strlen   0x08004b34       0x10 c:/users/данила кондрашов/appdata/local/arduino15/packages/arduino/tools/arm-none-eabi-gcc/4.8.3-2014q1/bin/../lib/gcc/arm-none-eabi/4.8.3/../../../../arm-none-eabi/lib/armv7-m\libc_s.a(lib_a-strlen.o)
                0x08004b34                strlen
 *(.plt)
 *(.gnu.warning)
 *(.glue_7t)
 .glue_7t       0x00000000        0x0 linker stubs
 *(.glue_7)
 .glue_7        0x00000000        0x0 linker stubs
 *(.vfp11_veneer)
 .vfp11_veneer  0x00000000        0x0 linker stubs
 *(.ARM.extab* .gnu.linkonce.armextab.*)
 *(.gcc_except_table)
 *(.eh_frame_hdr)
 *(.eh_frame)
 .eh_frame      0x08004b44        0x0 c:/users/данила кондрашов/appdata/local/arduino15/packages/arduino/tools/arm-none-eabi-gcc/4.8.3-2014q1/bin/../lib/gcc/arm-none-eabi/4.8.3/armv7-m/crtbegin.o
                0x08004b44                . = ALIGN (0x4)
 *(.init)
 .init          0x08004b44        0x4 c:/users/данила кондрашов/appdata/local/arduino15/packages/arduino/tools/arm-none-eabi-gcc/4.8.3-2014q1/bin/../lib/gcc/arm-none-eabi/4.8.3/armv7-m/crti.o
                0x08004b44                _init
 .init          0x08004b48        0x8 c:/users/данила кондрашов/appdata/local/arduino15/packages/arduino/tools/arm-none-eabi-gcc/4.8.3-2014q1/bin/../lib/gcc/arm-none-eabi/4.8.3/armv7-m/crtn.o
                0x08004b50                . = ALIGN (0x4)
                0x08004b50                __preinit_array_start = .
 *(.preinit_array)
                0x08004b50                __preinit_array_end = .
                0x08004b50                . = ALIGN (0x4)
                0x08004b50                __init_array_start = .
 *(SORT(.init_array.*))
 .init_array.00101
                0x08004b50        0x4 C:\Users\Данила Кондрашов\AppData\Local\Temp\VMBuilds\LAB8_NEW\stm32duino_genericSTM32F103C6\Release\core.a(main.cpp.o)
 *(.init_array)
 .init_array    0x08004b54        0x4 c:/users/данила кондрашов/appdata/local/arduino15/packages/arduino/tools/arm-none-eabi-gcc/4.8.3-2014q1/bin/../lib/gcc/arm-none-eabi/4.8.3/armv7-m/crtbegin.o
 .init_array    0x08004b58        0x4 LAB8_NEW.cpp.o
 .init_array    0x08004b5c        0x4 Wire\Wire.cpp.o
 .init_array    0x08004b60        0x4 C:\Users\Данила Кондрашов\AppData\Local\Temp\VMBCore\arduino16x\1ff78a0346523d7d91af874899f893a8\variant\board.cpp.o
 .init_array    0x08004b64        0x4 C:\Users\Данила Кондрашов\AppData\Local\Temp\VMBuilds\LAB8_NEW\stm32duino_genericSTM32F103C6\Release\core.a(tone.cpp.o)
 .init_array    0x08004b68        0x4 C:\Users\Данила Кондрашов\AppData\Local\Temp\VMBuilds\LAB8_NEW\stm32duino_genericSTM32F103C6\Release\core.a(HardwareTimer.cpp.o)
                0x08004b6c                __init_array_end = .
                0x08004b6c                . = ALIGN (0x4)
 *crtbegin.o(.ctors)
 *(EXCLUDE_FILE(*crtend.o) .ctors)
 *(SORT(.ctors.*))
 *crtend.o(.ctors)
                0x08004b6c                . = ALIGN (0x4)
 *(.fini)
 .fini          0x08004b6c        0x4 c:/users/данила кондрашов/appdata/local/arduino15/packages/arduino/tools/arm-none-eabi-gcc/4.8.3-2014q1/bin/../lib/gcc/arm-none-eabi/4.8.3/armv7-m/crti.o
                0x08004b6c                _fini
 .fini          0x08004b70        0x8 c:/users/данила кондрашов/appdata/local/arduino15/packages/arduino/tools/arm-none-eabi-gcc/4.8.3-2014q1/bin/../lib/gcc/arm-none-eabi/4.8.3/armv7-m/crtn.o
                0x08004b78                . = ALIGN (0x4)
                0x08004b78                __fini_array_start = .
 *(.fini_array)
 .fini_array    0x08004b78        0x4 c:/users/данила кондрашов/appdata/local/arduino15/packages/arduino/tools/arm-none-eabi-gcc/4.8.3-2014q1/bin/../lib/gcc/arm-none-eabi/4.8.3/armv7-m/crtbegin.o
 .fini_array    0x08004b7c        0x4 Wire\Wire.cpp.o
 *(SORT(.fini_array.*))
                0x08004b80                __fini_array_end = .
 *crtbegin.o(.dtors)
 *(EXCLUDE_FILE(*crtend.o) .dtors)
 *(SORT(.dtors.*))
 *crtend.o(.dtors)

.v4_bx          0x08004b80        0x0
 .v4_bx         0x00000000        0x0 linker stubs

.iplt           0x08004b80        0x0
 .iplt          0x00000000        0x0 c:/users/данила кондрашов/appdata/local/arduino15/packages/arduino/tools/arm-none-eabi-gcc/4.8.3-2014q1/bin/../lib/gcc/arm-none-eabi/4.8.3/armv7-m/crtbegin.o

.text.align     0x08004b80        0x0
                0x08004b80                . = ALIGN (0x8)
                0x08004b80                __text_end__ = .
                0x08004b80                __exidx_start = .

.ARM.exidx      0x08004b80        0x8
 *(.ARM.exidx* .gnu.linkonce.armexidx.*)
 .ARM.exidx     0x08004b80        0x8 C:\Users\Данила Кондрашов\AppData\Local\Temp\VMBCore\arduino16x\1ff78a0346523d7d91af874899f893a8\variant\start.S.o
 .ARM.exidx     0x08004b88        0x0 c:/users/данила кондрашов/appdata/local/arduino15/packages/arduino/tools/arm-none-eabi-gcc/4.8.3-2014q1/bin/../lib/gcc/arm-none-eabi/4.8.3/armv7-m\libgcc.a(_divdi3.o)
                                  0x8 (size before relaxing)
 .ARM.exidx     0x08004b88        0x0 c:/users/данила кондрашов/appdata/local/arduino15/packages/arduino/tools/arm-none-eabi-gcc/4.8.3-2014q1/bin/../lib/gcc/arm-none-eabi/4.8.3/armv7-m\libgcc.a(_udivdi3.o)
                                  0x8 (size before relaxing)
                0x08004b88                __exidx_end = .

.data           0x20000000      0x420 load address 0x08004b88
                0x20000000                __data_start__ = .
                0x20000000        0x4 LONG 0x0
                0x20000008                . = ALIGN (0x8)
 *fill*         0x20000004        0x4 
 *(.got.plt)
 *(.got)
 *(.data .data.* .gnu.linkonce.d.*)
 .data._ZN6wirish4privL8pll_dataE
                0x20000008        0x4 C:\Users\Данила Кондрашов\AppData\Local\Temp\VMBCore\arduino16x\1ff78a0346523d7d91af874899f893a8\variant\wirish\boards_setup.cpp.o
 .data._ZN6wirish4priv9w_adc_smpE
                0x2000000c        0x1 C:\Users\Данила Кондрашов\AppData\Local\Temp\VMBCore\arduino16x\1ff78a0346523d7d91af874899f893a8\variant\wirish\boards_setup.cpp.o
                0x2000000c                wirish::priv::w_adc_smp
 *fill*         0x2000000d        0x1 
 .data._ZN6wirish4priv9w_adc_preE
                0x2000000e        0x2 C:\Users\Данила Кондрашов\AppData\Local\Temp\VMBCore\arduino16x\1ff78a0346523d7d91af874899f893a8\variant\wirish\boards_setup.cpp.o
                0x2000000e                wirish::priv::w_adc_pre
 .data._ZN6wirish4priv15w_board_pll_cfgE
                0x20000010        0x8 C:\Users\Данила Кондрашов\AppData\Local\Temp\VMBCore\arduino16x\1ff78a0346523d7d91af874899f893a8\variant\wirish\boards_setup.cpp.o
                0x20000010                wirish::priv::w_board_pll_cfg
 .data.adc2     0x20000018        0x8 C:\Users\Данила Кондрашов\AppData\Local\Temp\VMBuilds\LAB8_NEW\stm32duino_genericSTM32F103C6\Release\core.a(adc_f1.c.o)
                0x20000018                adc2
 .data.adc1     0x20000020       0x18 C:\Users\Данила Кондрашов\AppData\Local\Temp\VMBuilds\LAB8_NEW\stm32duino_genericSTM32F103C6\Release\core.a(adc_f1.c.o)
                0x20000020                adc1
 .data.ADC2     0x20000038        0x4 C:\Users\Данила Кондрашов\AppData\Local\Temp\VMBuilds\LAB8_NEW\stm32duino_genericSTM32F103C6\Release\core.a(adc_f1.c.o)
                0x20000038                ADC2
 .data.ADC1     0x2000003c        0x4 C:\Users\Данила Кондрашов\AppData\Local\Temp\VMBuilds\LAB8_NEW\stm32duino_genericSTM32F103C6\Release\core.a(adc_f1.c.o)
                0x2000003c                ADC1
 .data.dma1     0x20000040       0x40 C:\Users\Данила Кондрашов\AppData\Local\Temp\VMBuilds\LAB8_NEW\stm32duino_genericSTM32F103C6\Release\core.a(dma_f1.c.o)
 .data.DMA1     0x20000080        0x4 C:\Users\Данила Кондрашов\AppData\Local\Temp\VMBuilds\LAB8_NEW\stm32duino_genericSTM32F103C6\Release\core.a(dma_f1.c.o)
                0x20000080                DMA1
 .data.gpioa    0x20000084        0x8 C:\Users\Данила Кондрашов\AppData\Local\Temp\VMBuilds\LAB8_NEW\stm32duino_genericSTM32F103C6\Release\core.a(gpio_f1.c.o)
                0x20000084                gpioa
 .data.gpiob    0x2000008c        0x8 C:\Users\Данила Кондрашов\AppData\Local\Temp\VMBuilds\LAB8_NEW\stm32duino_genericSTM32F103C6\Release\core.a(gpio_f1.c.o)
                0x2000008c                gpiob
 .data.gpioc    0x20000094        0x8 C:\Users\Данила Кондрашов\AppData\Local\Temp\VMBuilds\LAB8_NEW\stm32duino_genericSTM32F103C6\Release\core.a(gpio_f1.c.o)
                0x20000094                gpioc
 .data.gpiod    0x2000009c        0x8 C:\Users\Данила Кондрашов\AppData\Local\Temp\VMBuilds\LAB8_NEW\stm32duino_genericSTM32F103C6\Release\core.a(gpio_f1.c.o)
                0x2000009c                gpiod
 .data.i2c1     0x200000a4       0x38 C:\Users\Данила Кондрашов\AppData\Local\Temp\VMBuilds\LAB8_NEW\stm32duino_genericSTM32F103C6\Release\core.a(i2c_f1.c.o)
 .data.i2c2     0x200000dc       0x38 C:\Users\Данила Кондрашов\AppData\Local\Temp\VMBuilds\LAB8_NEW\stm32duino_genericSTM32F103C6\Release\core.a(i2c_f1.c.o)
 .data.enable_regs.4411
                0x20000114        0xc C:\Users\Данила Кондрашов\AppData\Local\Temp\VMBuilds\LAB8_NEW\stm32duino_genericSTM32F103C6\Release\core.a(rcc_f1.c.o)
 .data.reset_regs.4415
                0x20000120        0x8 C:\Users\Данила Кондрашов\AppData\Local\Temp\VMBuilds\LAB8_NEW\stm32duino_genericSTM32F103C6\Release\core.a(rcc_f1.c.o)
 .data.enable_regs.4424
                0x20000128        0xc C:\Users\Данила Кондрашов\AppData\Local\Temp\VMBuilds\LAB8_NEW\stm32duino_genericSTM32F103C6\Release\core.a(rcc_f1.c.o)
 .data.timer3   0x20000134       0x24 C:\Users\Данила Кондрашов\AppData\Local\Temp\VMBuilds\LAB8_NEW\stm32duino_genericSTM32F103C6\Release\core.a(timer.c.o)
                0x20000134                timer3
 .data.timer4   0x20000158       0x24 C:\Users\Данила Кондрашов\AppData\Local\Temp\VMBuilds\LAB8_NEW\stm32duino_genericSTM32F103C6\Release\core.a(timer.c.o)
                0x20000158                timer4
 .data.timer1   0x2000017c       0x28 C:\Users\Данила Кондрашов\AppData\Local\Temp\VMBuilds\LAB8_NEW\stm32duino_genericSTM32F103C6\Release\core.a(timer.c.o)
                0x2000017c                timer1
 .data.timer2   0x200001a4       0x24 C:\Users\Данила Кондрашов\AppData\Local\Temp\VMBuilds\LAB8_NEW\stm32duino_genericSTM32F103C6\Release\core.a(timer.c.o)
                0x200001a4                timer2
 .data.USART1   0x200001c8        0x4 C:\Users\Данила Кондрашов\AppData\Local\Temp\VMBuilds\LAB8_NEW\stm32duino_genericSTM32F103C6\Release\core.a(usart_f1.c.o)
                0x200001c8                USART1
 .data.USART2   0x200001cc        0x4 C:\Users\Данила Кондрашов\AppData\Local\Temp\VMBuilds\LAB8_NEW\stm32duino_genericSTM32F103C6\Release\core.a(usart_f1.c.o)
                0x200001cc                USART2
 .data.USART3   0x200001d0        0x4 C:\Users\Данила Кондрашов\AppData\Local\Temp\VMBuilds\LAB8_NEW\stm32duino_genericSTM32F103C6\Release\core.a(usart_f1.c.o)
                0x200001d0                USART3
 .data.usart1   0x200001d4       0x94 C:\Users\Данила Кондрашов\AppData\Local\Temp\VMBuilds\LAB8_NEW\stm32duino_genericSTM32F103C6\Release\core.a(usart_f1.c.o)
 .data.usart2   0x20000268       0x94 C:\Users\Данила Кондрашов\AppData\Local\Temp\VMBuilds\LAB8_NEW\stm32duino_genericSTM32F103C6\Release\core.a(usart_f1.c.o)
 .data.usart3   0x200002fc       0x94 C:\Users\Данила Кондрашов\AppData\Local\Temp\VMBuilds\LAB8_NEW\stm32duino_genericSTM32F103C6\Release\core.a(usart_f1.c.o)
 .data.USBLIB   0x20000390        0x4 C:\Users\Данила Кондрашов\AppData\Local\Temp\VMBuilds\LAB8_NEW\stm32duino_genericSTM32F103C6\Release\core.a(usb.c.o)
                0x20000390                USBLIB
 .data.usblib   0x20000394       0x10 C:\Users\Данила Кондрашов\AppData\Local\Temp\VMBuilds\LAB8_NEW\stm32duino_genericSTM32F103C6\Release\core.a(usb.c.o)
 .data.Config_Descriptor
                0x200003a4        0x8 C:\Users\Данила Кондрашов\AppData\Local\Temp\VMBuilds\LAB8_NEW\stm32duino_genericSTM32F103C6\Release\core.a(usb_cdcacm.c.o)
 .data.Device_Property
                0x200003ac       0x30 C:\Users\Данила Кондрашов\AppData\Local\Temp\VMBuilds\LAB8_NEW\stm32duino_genericSTM32F103C6\Release\core.a(usb_cdcacm.c.o)
                0x200003ac                Device_Property
 .data.String_Descriptor
                0x200003dc       0x18 C:\Users\Данила Кондрашов\AppData\Local\Temp\VMBuilds\LAB8_NEW\stm32duino_genericSTM32F103C6\Release\core.a(usb_cdcacm.c.o)
 .data.line_coding
                0x200003f4        0x7 C:\Users\Данила Кондрашов\AppData\Local\Temp\VMBuilds\LAB8_NEW\stm32duino_genericSTM32F103C6\Release\core.a(usb_cdcacm.c.o)
 *fill*         0x200003fb        0x1 
 .data.Device_Descriptor
                0x200003fc        0x8 C:\Users\Данила Кондрашов\AppData\Local\Temp\VMBuilds\LAB8_NEW\stm32duino_genericSTM32F103C6\Release\core.a(usb_cdcacm.c.o)
 .data.Device_Table
                0x20000404        0x2 C:\Users\Данила Кондрашов\AppData\Local\Temp\VMBuilds\LAB8_NEW\stm32duino_genericSTM32F103C6\Release\core.a(usb_cdcacm.c.o)
                0x20000404                Device_Table
 .data.tone_ntimer
                0x20000406        0x1 C:\Users\Данила Кондрашов\AppData\Local\Temp\VMBuilds\LAB8_NEW\stm32duino_genericSTM32F103C6\Release\core.a(tone.cpp.o)
                0x20000406                tone_ntimer
 .data.tone_channel
                0x20000407        0x1 C:\Users\Данила Кондрашов\AppData\Local\Temp\VMBuilds\LAB8_NEW\stm32duino_genericSTM32F103C6\Release\core.a(tone.cpp.o)
                0x20000407                tone_channel
 .data.tone_pin
                0x20000408        0x2 C:\Users\Данила Кондрашов\AppData\Local\Temp\VMBuilds\LAB8_NEW\stm32duino_genericSTM32F103C6\Release\core.a(tone.cpp.o)
                0x20000408                tone_pin
 .data.tone_state
                0x2000040a        0x1 C:\Users\Данила Кондрашов\AppData\Local\Temp\VMBuilds\LAB8_NEW\stm32duino_genericSTM32F103C6\Release\core.a(tone.cpp.o)
                0x2000040a                tone_state
 *fill*         0x2000040b        0x1 
 .data.TTimer   0x2000040c       0x10 C:\Users\Данила Кондрашов\AppData\Local\Temp\VMBuilds\LAB8_NEW\stm32duino_genericSTM32F103C6\Release\core.a(tone.cpp.o)
                0x2000040c                TTimer
 .data.tone_freq
                0x2000041c        0x2 C:\Users\Данила Кондрашов\AppData\Local\Temp\VMBuilds\LAB8_NEW\stm32duino_genericSTM32F103C6\Release\core.a(tone.cpp.o)
                0x2000041c                tone_freq
                0x20000420                . = ALIGN (0x8)
 *fill*         0x2000041e        0x2 
                0x20000420                __data_end__ = .

.jcr            0x20000420        0x0 load address 0x08004fa8
 .jcr           0x20000420        0x0 c:/users/данила кондрашов/appdata/local/arduino15/packages/arduino/tools/arm-none-eabi-gcc/4.8.3-2014q1/bin/../lib/gcc/arm-none-eabi/4.8.3/armv7-m/crtbegin.o

.igot.plt       0x20000420        0x0 load address 0x08004fa8
 .igot.plt      0x00000000        0x0 c:/users/данила кондрашов/appdata/local/arduino15/packages/arduino/tools/arm-none-eabi-gcc/4.8.3-2014q1/bin/../lib/gcc/arm-none-eabi/4.8.3/armv7-m/crtbegin.o

.rodata         0x08004fa8      0x458
 *(.rodata .rodata.* .gnu.linkonce.r.*)
 .rodata.str1.1
                0x08004fa8       0xc8 LAB8_NEW.cpp.o
                                 0xcb (size before relaxing)
 .rodata._ZTV7TwoWire
                0x08005070       0x18 Wire\Wire.cpp.o
                0x08005070                vtable for TwoWire
 .rodata._ZTV8WireBase
                0x08005088       0x18 Wire\utility\WireBase.cpp.o
                0x08005088                vtable for WireBase
 .rodata.PIN_MAP
                0x080050a0      0x230 C:\Users\Данила Кондрашов\AppData\Local\Temp\VMBCore\arduino16x\1ff78a0346523d7d91af874899f893a8\variant\board.cpp.o
                0x080050a0                PIN_MAP
 .rodata.GPIOC  0x080052d0        0x4 C:\Users\Данила Кондрашов\AppData\Local\Temp\VMBuilds\LAB8_NEW\stm32duino_genericSTM32F103C6\Release\core.a(gpio_f1.c.o)
                0x080052d0                GPIOC
 .rodata.I2C1   0x080052d4        0x4 C:\Users\Данила Кондрашов\AppData\Local\Temp\VMBuilds\LAB8_NEW\stm32duino_genericSTM32F103C6\Release\core.a(i2c_f1.c.o)
                0x080052d4                I2C1
 .rodata.rcc_dev_table
                0x080052d8       0x5c C:\Users\Данила Кондрашов\AppData\Local\Temp\VMBuilds\LAB8_NEW\stm32duino_genericSTM32F103C6\Release\core.a(rcc_f1.c.o)
                0x080052d8                rcc_dev_table
 .rodata.masks.4420
                0x08005334       0x14 C:\Users\Данила Кондрашов\AppData\Local\Temp\VMBuilds\LAB8_NEW\stm32duino_genericSTM32F103C6\Release\core.a(rcc_f1.c.o)
 .rodata.usbVcomDescriptor_iProduct
                0x08005348        0xc C:\Users\Данила Кондрашов\AppData\Local\Temp\VMBuilds\LAB8_NEW\stm32duino_genericSTM32F103C6\Release\core.a(usb_cdcacm.c.o)
 .rodata.usbVcomDescriptor_iManufacturer
                0x08005354       0x12 C:\Users\Данила Кондрашов\AppData\Local\Temp\VMBuilds\LAB8_NEW\stm32duino_genericSTM32F103C6\Release\core.a(usb_cdcacm.c.o)
 .rodata.usbVcomDescriptor_Device
                0x08005366       0x12 C:\Users\Данила Кондрашов\AppData\Local\Temp\VMBuilds\LAB8_NEW\stm32duino_genericSTM32F103C6\Release\core.a(usb_cdcacm.c.o)
 .rodata.usbVcomDescriptor_Config
                0x08005378       0x43 C:\Users\Данила Кондрашов\AppData\Local\Temp\VMBuilds\LAB8_NEW\stm32duino_genericSTM32F103C6\Release\core.a(usb_cdcacm.c.o)
 .rodata.usbVcomDescriptor_LangID
                0x080053bb        0x4 C:\Users\Данила Кондрашов\AppData\Local\Temp\VMBuilds\LAB8_NEW\stm32duino_genericSTM32F103C6\Release\core.a(usb_cdcacm.c.o)
 *fill*         0x080053bf        0x1 
 .rodata._ZTV14HardwareSerial
                0x080053c0       0x28 C:\Users\Данила Кондрашов\AppData\Local\Temp\VMBuilds\LAB8_NEW\stm32duino_genericSTM32F103C6\Release\core.a(HardwareSerial.cpp.o)
                0x080053c0                vtable for HardwareSerial
 .rodata.str1.1
                0x080053e8       0x11 C:\Users\Данила Кондрашов\AppData\Local\Temp\VMBuilds\LAB8_NEW\stm32duino_genericSTM32F103C6\Release\core.a(Print.cpp.o)
 *(.USER_FLASH)
                0x080053fc                . = ALIGN (0x4)
 *fill*         0x080053f9        0x3 
                0x080053fc                _lm_rom_img_cfgp = .
                0x080053fc        0x4 LONG 0x8004b88 LOADADDR (.data)
                0x20000668                _lm_heap_start = DEFINED (_lm_heap_start)?_lm_heap_start:_end
                0x20002800                _lm_heap_end = DEFINED (_lm_heap_end)?_lm_heap_end:__msp_init

.rel.dyn        0x08005400        0x0
 .rel.iplt      0x00000000        0x0 c:/users/данила кондрашов/appdata/local/arduino15/packages/arduino/tools/arm-none-eabi-gcc/4.8.3-2014q1/bin/../lib/gcc/arm-none-eabi/4.8.3/armv7-m/crtbegin.o

.bss            0x20000420      0x248
                0x20000420                . = ALIGN (0x8)
                0x20000420                __bss_start__ = .
 *(.bss .bss.* .gnu.linkonce.b.*)
 .bss           0x20000420       0x1c c:/users/данила кондрашов/appdata/local/arduino15/packages/arduino/tools/arm-none-eabi-gcc/4.8.3-2014q1/bin/../lib/gcc/arm-none-eabi/4.8.3/armv7-m/crtbegin.o
 .bss.lm75a     0x2000043c        0x1 LAB8_NEW.cpp.o
                0x2000043c                lm75a
 *fill*         0x2000043d        0x3 
 .bss.Wire      0x20000440       0x60 Wire\Wire.cpp.o
                0x20000440                Wire
 .bss.Serial1   0x200004a0       0x18 C:\Users\Данила Кондрашов\AppData\Local\Temp\VMBCore\arduino16x\1ff78a0346523d7d91af874899f893a8\variant\board.cpp.o
                0x200004a0                Serial1
 .bss.Serial2   0x200004b8       0x18 C:\Users\Данила Кондрашов\AppData\Local\Temp\VMBCore\arduino16x\1ff78a0346523d7d91af874899f893a8\variant\board.cpp.o
                0x200004b8                Serial2
 .bss.Serial3   0x200004d0       0x18 C:\Users\Данила Кондрашов\AppData\Local\Temp\VMBCore\arduino16x\1ff78a0346523d7d91af874899f893a8\variant\board.cpp.o
                0x200004d0                Serial3
 .bss.exti_channels
                0x200004e8       0x80 C:\Users\Данила Кондрашов\AppData\Local\Temp\VMBuilds\LAB8_NEW\stm32duino_genericSTM32F103C6\Release\core.a(exti.c.o)
                0x200004e8                exti_channels
 .bss.systick_user_callback
                0x20000568        0x4 C:\Users\Данила Кондрашов\AppData\Local\Temp\VMBuilds\LAB8_NEW\stm32duino_genericSTM32F103C6\Release\core.a(systick.c.o)
 .bss.usart1_wb
                0x2000056c        0xc C:\Users\Данила Кондрашов\AppData\Local\Temp\VMBuilds\LAB8_NEW\stm32duino_genericSTM32F103C6\Release\core.a(usart_f1.c.o)
 .bss.usart1_rb
                0x20000578        0xc C:\Users\Данила Кондрашов\AppData\Local\Temp\VMBuilds\LAB8_NEW\stm32duino_genericSTM32F103C6\Release\core.a(usart_f1.c.o)
 .bss.usart2_rb
                0x20000584        0xc C:\Users\Данила Кондрашов\AppData\Local\Temp\VMBuilds\LAB8_NEW\stm32duino_genericSTM32F103C6\Release\core.a(usart_f1.c.o)
 .bss.usart3_rb
                0x20000590        0xc C:\Users\Данила Кондрашов\AppData\Local\Temp\VMBuilds\LAB8_NEW\stm32duino_genericSTM32F103C6\Release\core.a(usart_f1.c.o)
 .bss.usart2_wb
                0x2000059c        0xc C:\Users\Данила Кондрашов\AppData\Local\Temp\VMBuilds\LAB8_NEW\stm32duino_genericSTM32F103C6\Release\core.a(usart_f1.c.o)
 .bss.usart3_wb
                0x200005a8        0xc C:\Users\Данила Кондрашов\AppData\Local\Temp\VMBuilds\LAB8_NEW\stm32duino_genericSTM32F103C6\Release\core.a(usart_f1.c.o)
 .bss.line_dtr_rts
                0x200005b4        0x1 C:\Users\Данила Кондрашов\AppData\Local\Temp\VMBuilds\LAB8_NEW\stm32duino_genericSTM32F103C6\Release\core.a(usb_cdcacm.c.o)
 *fill*         0x200005b5        0x3 
 .bss.tx_head   0x200005b8        0x4 C:\Users\Данила Кондрашов\AppData\Local\Temp\VMBuilds\LAB8_NEW\stm32duino_genericSTM32F103C6\Release\core.a(usb_cdcacm.c.o)
 .bss.transmitting
                0x200005bc        0x1 C:\Users\Данила Кондрашов\AppData\Local\Temp\VMBuilds\LAB8_NEW\stm32duino_genericSTM32F103C6\Release\core.a(usb_cdcacm.c.o)
 *fill*         0x200005bd        0x3 
 .bss.rx_tail   0x200005c0        0x4 C:\Users\Данила Кондрашов\AppData\Local\Temp\VMBuilds\LAB8_NEW\stm32duino_genericSTM32F103C6\Release\core.a(usb_cdcacm.c.o)
 .bss.iface_setup_hook
                0x200005c4        0x4 C:\Users\Данила Кондрашов\AppData\Local\Temp\VMBuilds\LAB8_NEW\stm32duino_genericSTM32F103C6\Release\core.a(usb_cdcacm.c.o)
 .bss.rx_head   0x200005c8        0x4 C:\Users\Данила Кондрашов\AppData\Local\Temp\VMBuilds\LAB8_NEW\stm32duino_genericSTM32F103C6\Release\core.a(usb_cdcacm.c.o)
 .bss.tx_tail   0x200005cc        0x4 C:\Users\Данила Кондрашов\AppData\Local\Temp\VMBuilds\LAB8_NEW\stm32duino_genericSTM32F103C6\Release\core.a(usb_cdcacm.c.o)
 .bss.Data_Mul_MaxPacketSize
                0x200005d0        0x1 C:\Users\Данила Кондрашов\AppData\Local\Temp\VMBuilds\LAB8_NEW\stm32duino_genericSTM32F103C6\Release\core.a(usb_core.c.o)
                0x200005d0                Data_Mul_MaxPacketSize
 *fill*         0x200005d1        0x1 
 .bss.tone_tcount
                0x200005d2        0x2 C:\Users\Данила Кондрашов\AppData\Local\Temp\VMBuilds\LAB8_NEW\stm32duino_genericSTM32F103C6\Release\core.a(tone.cpp.o)
                0x200005d2                tone_tcount
 .bss.tone_force_ntimer
                0x200005d4        0x1 C:\Users\Данила Кондрашов\AppData\Local\Temp\VMBuilds\LAB8_NEW\stm32duino_genericSTM32F103C6\Release\core.a(tone.cpp.o)
                0x200005d4                tone_force_ntimer
 *fill*         0x200005d5        0x3 
 .bss.tone_timer
                0x200005d8        0x4 C:\Users\Данила Кондрашов\AppData\Local\Temp\VMBuilds\LAB8_NEW\stm32duino_genericSTM32F103C6\Release\core.a(tone.cpp.o)
                0x200005d8                tone_timer
 .bss.tone_rmask
                0x200005dc        0x4 C:\Users\Данила Кондрашов\AppData\Local\Temp\VMBuilds\LAB8_NEW\stm32duino_genericSTM32F103C6\Release\core.a(tone.cpp.o)
                0x200005dc                tone_rmask
 .bss.tone_bsrr
                0x200005e0        0x4 C:\Users\Данила Кондрашов\AppData\Local\Temp\VMBuilds\LAB8_NEW\stm32duino_genericSTM32F103C6\Release\core.a(tone.cpp.o)
                0x200005e0                tone_bsrr
 .bss.TTimer3   0x200005e4        0x4 C:\Users\Данила Кондрашов\AppData\Local\Temp\VMBuilds\LAB8_NEW\stm32duino_genericSTM32F103C6\Release\core.a(tone.cpp.o)
                0x200005e4                TTimer3
 .bss.tone_ncount
                0x200005e8        0x2 C:\Users\Данила Кондрашов\AppData\Local\Temp\VMBuilds\LAB8_NEW\stm32duino_genericSTM32F103C6\Release\core.a(tone.cpp.o)
                0x200005e8                tone_ncount
 *fill*         0x200005ea        0x2 
 .bss.TTimer1   0x200005ec        0x4 C:\Users\Данила Кондрашов\AppData\Local\Temp\VMBuilds\LAB8_NEW\stm32duino_genericSTM32F103C6\Release\core.a(tone.cpp.o)
                0x200005ec                TTimer1
 .bss.tone_next
                0x200005f0        0x4 C:\Users\Данила Кондрашов\AppData\Local\Temp\VMBuilds\LAB8_NEW\stm32duino_genericSTM32F103C6\Release\core.a(tone.cpp.o)
                0x200005f0                tone_next
 .bss.tone_n    0x200005f4        0x2 C:\Users\Данила Кондрашов\AppData\Local\Temp\VMBuilds\LAB8_NEW\stm32duino_genericSTM32F103C6\Release\core.a(tone.cpp.o)
                0x200005f4                tone_n
 *fill*         0x200005f6        0x2 
 .bss.TTimer4   0x200005f8        0x4 C:\Users\Данила Кондрашов\AppData\Local\Temp\VMBuilds\LAB8_NEW\stm32duino_genericSTM32F103C6\Release\core.a(tone.cpp.o)
                0x200005f8                TTimer4
 .bss.tone_nhw  0x200005fc        0x4 C:\Users\Данила Кондрашов\AppData\Local\Temp\VMBuilds\LAB8_NEW\stm32duino_genericSTM32F103C6\Release\core.a(tone.cpp.o)
                0x200005fc                tone_nhw
 .bss.TTimer2   0x20000600        0x4 C:\Users\Данила Кондрашов\AppData\Local\Temp\VMBuilds\LAB8_NEW\stm32duino_genericSTM32F103C6\Release\core.a(tone.cpp.o)
                0x20000600                TTimer2
 .bss.tone_smask
                0x20000604        0x4 C:\Users\Данила Кондрашов\AppData\Local\Temp\VMBuilds\LAB8_NEW\stm32duino_genericSTM32F103C6\Release\core.a(tone.cpp.o)
                0x20000604                tone_smask
 .bss.tone_force_channel
                0x20000608        0x1 C:\Users\Данила Кондрашов\AppData\Local\Temp\VMBuilds\LAB8_NEW\stm32duino_genericSTM32F103C6\Release\core.a(tone.cpp.o)
                0x20000608                tone_force_channel
 *fill*         0x20000609        0x3 
 .bss.Timer1    0x2000060c        0x4 C:\Users\Данила Кондрашов\AppData\Local\Temp\VMBuilds\LAB8_NEW\stm32duino_genericSTM32F103C6\Release\core.a(HardwareTimer.cpp.o)
                0x2000060c                Timer1
 .bss.Timer2    0x20000610        0x4 C:\Users\Данила Кондрашов\AppData\Local\Temp\VMBuilds\LAB8_NEW\stm32duino_genericSTM32F103C6\Release\core.a(HardwareTimer.cpp.o)
                0x20000610                Timer2
 .bss.Timer3    0x20000614        0x4 C:\Users\Данила Кондрашов\AppData\Local\Temp\VMBuilds\LAB8_NEW\stm32duino_genericSTM32F103C6\Release\core.a(HardwareTimer.cpp.o)
                0x20000614                Timer3
 .bss.Timer4    0x20000618        0x4 C:\Users\Данила Кондрашов\AppData\Local\Temp\VMBuilds\LAB8_NEW\stm32duino_genericSTM32F103C6\Release\core.a(HardwareTimer.cpp.o)
                0x20000618                Timer4
 .bss._ZL7this_id
                0x2000061c        0x1 C:\Users\Данила Кондрашов\AppData\Local\Temp\VMBuilds\LAB8_NEW\stm32duino_genericSTM32F103C6\Release\core.a(HardwareTimer.cpp.o)
 *fill*         0x2000061d        0x3 
 .bss._ZL9this_devp
                0x20000620        0x4 C:\Users\Данила Кондрашов\AppData\Local\Temp\VMBuilds\LAB8_NEW\stm32duino_genericSTM32F103C6\Release\core.a(HardwareTimer.cpp.o)
 *(COMMON)
 COMMON         0x20000624        0x4 C:\Users\Данила Кондрашов\AppData\Local\Temp\VMBuilds\LAB8_NEW\stm32duino_genericSTM32F103C6\Release\core.a(systick.c.o)
                0x20000624                systick_uptime_millis
 COMMON         0x20000628        0x6 C:\Users\Данила Кондрашов\AppData\Local\Temp\VMBuilds\LAB8_NEW\stm32duino_genericSTM32F103C6\Release\core.a(usb.c.o)
                0x20000628                SaveRState
                0x2000062a                SaveTState
                0x2000062c                ResumeS
 COMMON         0x2000062e        0x2 C:\Users\Данила Кондрашов\AppData\Local\Temp\VMBuilds\LAB8_NEW\stm32duino_genericSTM32F103C6\Release\core.a(usb_core.c.o)
                0x2000062e                StatusInfo
 COMMON         0x20000630       0x32 C:\Users\Данила Кондрашов\AppData\Local\Temp\VMBuilds\LAB8_NEW\stm32duino_genericSTM32F103C6\Release\core.a(usb_init.c.o)
                0x20000630                SaveState
                0x20000634                pProperty
                0x20000638                EPindex
                0x2000063c                Device_Info
                0x20000658                pUser_Standard_Requests
                0x2000065c                pInformation
                0x20000660                wInterrupt_Mask
                0x20000668                . = ALIGN (0x8)
 *fill*         0x20000662        0x6 
                0x20000668                __bss_end__ = .
                0x20000668                _end = __bss_end__

.stab
 *(.stab)

.stabstr
 *(.stabstr)

.debug
 *(.debug)

.line
 *(.line)

.debug_srcinfo
 *(.debug_srcinfo)

.debug_sfnames
 *(.debug_sfnames)

.debug_aranges  0x00000000     0x1270
 *(.debug_aranges)
 .debug_aranges
                0x00000000       0x30 LAB8_NEW.cpp.o
 .debug_aranges
                0x00000030       0xe8 LM75A_Arduino_library\M2M_LM75A.cpp.o
 .debug_aranges
                0x00000118       0xa0 Wire\SoftWire.cpp.o
 .debug_aranges
                0x000001b8       0x68 Wire\Wire.cpp.o
 .debug_aranges
                0x00000220       0x90 Wire\utility\WireBase.cpp.o
 .debug_aranges
                0x000002b0       0x28 C:\Users\Данила Кондрашов\AppData\Local\Temp\VMBCore\arduino16x\1ff78a0346523d7d91af874899f893a8\variant\board.cpp.o
 .debug_aranges
                0x000002d8       0x40 C:\Users\Данила Кондрашов\AppData\Local\Temp\VMBCore\arduino16x\1ff78a0346523d7d91af874899f893a8\variant\wirish\boards.cpp.o
 .debug_aranges
                0x00000318       0x40 C:\Users\Данила Кондрашов\AppData\Local\Temp\VMBCore\arduino16x\1ff78a0346523d7d91af874899f893a8\variant\wirish\boards_setup.cpp.o
 .debug_aranges
                0x00000358       0x20 C:\Users\Данила Кондрашов\AppData\Local\Temp\VMBCore\arduino16x\1ff78a0346523d7d91af874899f893a8\variant\start.S.o
 .debug_aranges
                0x00000378       0x20 C:\Users\Данила Кондрашов\AppData\Local\Temp\VMBCore\arduino16x\1ff78a0346523d7d91af874899f893a8\variant\start_c.c.o
 .debug_aranges
                0x00000398       0x88 C:\Users\Данила Кондрашов\AppData\Local\Temp\VMBCore\arduino16x\1ff78a0346523d7d91af874899f893a8\variant\syscalls.c.o
 .debug_aranges
                0x00000420       0x20 C:\Users\Данила Кондрашов\AppData\Local\Temp\VMBuilds\LAB8_NEW\stm32duino_genericSTM32F103C6\Release\core.a(exc.S.o)
 .debug_aranges
                0x00000440       0x20 C:\Users\Данила Кондрашов\AppData\Local\Temp\VMBuilds\LAB8_NEW\stm32duino_genericSTM32F103C6\Release\core.a(isrs.S.o)
 .debug_aranges
                0x00000460       0x38 C:\Users\Данила Кондрашов\AppData\Local\Temp\VMBuilds\LAB8_NEW\stm32duino_genericSTM32F103C6\Release\core.a(adc.c.o)
 .debug_aranges
                0x00000498       0x58 C:\Users\Данила Кондрашов\AppData\Local\Temp\VMBuilds\LAB8_NEW\stm32duino_genericSTM32F103C6\Release\core.a(adc_f1.c.o)
 .debug_aranges